Archive member included to satisfy reference by file (symbol)

c:/program files (x86)/atmel/studio/7.0/toolchain/arm/arm-gnu-toolchain/bin/../lib/gcc/arm-none-eabi/6.3.1/thumb/v7e-m\libgcc.a(_arm_addsubdf3.o)
                              src/main.o (__aeabi_dadd)
c:/program files (x86)/atmel/studio/7.0/toolchain/arm/arm-gnu-toolchain/bin/../lib/gcc/arm-none-eabi/6.3.1/thumb/v7e-m\libgcc.a(_arm_muldivdf3.o)
                              src/main.o (__aeabi_dmul)
c:/program files (x86)/atmel/studio/7.0/toolchain/arm/arm-gnu-toolchain/bin/../lib/gcc/arm-none-eabi/6.3.1/thumb/v7e-m\libgcc.a(_arm_truncdfsf2.o)
                              src/main.o (__aeabi_d2f)
c:/program files (x86)/atmel/studio/7.0/toolchain/arm/arm-gnu-toolchain/bin/../lib/gcc/arm-none-eabi/6.3.1/../../../../arm-none-eabi/lib/thumb/v7e-m\libc.a(lib_a-exit.o)
                              c:/program files (x86)/atmel/studio/7.0/toolchain/arm/arm-gnu-toolchain/bin/../lib/gcc/arm-none-eabi/6.3.1/../../../../arm-none-eabi/lib/thumb/v7e-m/crt0.o (exit)
c:/program files (x86)/atmel/studio/7.0/toolchain/arm/arm-gnu-toolchain/bin/../lib/gcc/arm-none-eabi/6.3.1/../../../../arm-none-eabi/lib/thumb/v7e-m\libc.a(lib_a-impure.o)
                              c:/program files (x86)/atmel/studio/7.0/toolchain/arm/arm-gnu-toolchain/bin/../lib/gcc/arm-none-eabi/6.3.1/../../../../arm-none-eabi/lib/thumb/v7e-m\libc.a(lib_a-exit.o) (_global_impure_ptr)
c:/program files (x86)/atmel/studio/7.0/toolchain/arm/arm-gnu-toolchain/bin/../lib/gcc/arm-none-eabi/6.3.1/../../../../arm-none-eabi/lib/thumb/v7e-m\libc.a(lib_a-init.o)
                              c:/program files (x86)/atmel/studio/7.0/toolchain/arm/arm-gnu-toolchain/bin/../lib/gcc/arm-none-eabi/6.3.1/../../../../arm-none-eabi/lib/thumb/v7e-m/crt0.o (__libc_init_array)
c:/program files (x86)/atmel/studio/7.0/toolchain/arm/arm-gnu-toolchain/bin/../lib/gcc/arm-none-eabi/6.3.1/../../../../arm-none-eabi/lib/thumb/v7e-m\libc.a(lib_a-memset.o)
                              c:/program files (x86)/atmel/studio/7.0/toolchain/arm/arm-gnu-toolchain/bin/../lib/gcc/arm-none-eabi/6.3.1/../../../../arm-none-eabi/lib/thumb/v7e-m/crt0.o (memset)
c:/program files (x86)/atmel/studio/7.0/toolchain/arm/arm-gnu-toolchain/bin/../lib/gcc/arm-none-eabi/6.3.1/../../../../arm-none-eabi/lib/thumb/v7e-m\libc.a(lib_a-sprintf.o)
                              src/main.o (sprintf)
c:/program files (x86)/atmel/studio/7.0/toolchain/arm/arm-gnu-toolchain/bin/../lib/gcc/arm-none-eabi/6.3.1/../../../../arm-none-eabi/lib/thumb/v7e-m\libc.a(lib_a-svfprintf.o)
                              c:/program files (x86)/atmel/studio/7.0/toolchain/arm/arm-gnu-toolchain/bin/../lib/gcc/arm-none-eabi/6.3.1/../../../../arm-none-eabi/lib/thumb/v7e-m\libc.a(lib_a-sprintf.o) (_svfprintf_r)
c:/program files (x86)/atmel/studio/7.0/toolchain/arm/arm-gnu-toolchain/bin/../lib/gcc/arm-none-eabi/6.3.1/../../../../arm-none-eabi/lib/thumb/v7e-m\libc.a(lib_a-__call_atexit.o)
                              c:/program files (x86)/atmel/studio/7.0/toolchain/arm/arm-gnu-toolchain/bin/../lib/gcc/arm-none-eabi/6.3.1/../../../../arm-none-eabi/lib/thumb/v7e-m\libc.a(lib_a-exit.o) (__call_exitprocs)
c:/program files (x86)/atmel/studio/7.0/toolchain/arm/arm-gnu-toolchain/bin/../lib/gcc/arm-none-eabi/6.3.1/../../../../arm-none-eabi/lib/thumb/v7e-m\libc.a(lib_a-atexit.o)
                              c:/program files (x86)/atmel/studio/7.0/toolchain/arm/arm-gnu-toolchain/bin/../lib/gcc/arm-none-eabi/6.3.1/../../../../arm-none-eabi/lib/thumb/v7e-m\libc.a(lib_a-__call_atexit.o) (atexit)
c:/program files (x86)/atmel/studio/7.0/toolchain/arm/arm-gnu-toolchain/bin/../lib/gcc/arm-none-eabi/6.3.1/../../../../arm-none-eabi/lib/thumb/v7e-m\libc.a(lib_a-dtoa.o)
                              c:/program files (x86)/atmel/studio/7.0/toolchain/arm/arm-gnu-toolchain/bin/../lib/gcc/arm-none-eabi/6.3.1/../../../../arm-none-eabi/lib/thumb/v7e-m\libc.a(lib_a-svfprintf.o) (_dtoa_r)
c:/program files (x86)/atmel/studio/7.0/toolchain/arm/arm-gnu-toolchain/bin/../lib/gcc/arm-none-eabi/6.3.1/../../../../arm-none-eabi/lib/thumb/v7e-m\libc.a(lib_a-fini.o)
                              c:/program files (x86)/atmel/studio/7.0/toolchain/arm/arm-gnu-toolchain/bin/../lib/gcc/arm-none-eabi/6.3.1/../../../../arm-none-eabi/lib/thumb/v7e-m\libc.a(lib_a-__call_atexit.o) (__libc_fini_array)
c:/program files (x86)/atmel/studio/7.0/toolchain/arm/arm-gnu-toolchain/bin/../lib/gcc/arm-none-eabi/6.3.1/../../../../arm-none-eabi/lib/thumb/v7e-m\libc.a(lib_a-localeconv.o)
                              c:/program files (x86)/atmel/studio/7.0/toolchain/arm/arm-gnu-toolchain/bin/../lib/gcc/arm-none-eabi/6.3.1/../../../../arm-none-eabi/lib/thumb/v7e-m\libc.a(lib_a-svfprintf.o) (_localeconv_r)
c:/program files (x86)/atmel/studio/7.0/toolchain/arm/arm-gnu-toolchain/bin/../lib/gcc/arm-none-eabi/6.3.1/../../../../arm-none-eabi/lib/thumb/v7e-m\libc.a(lib_a-lock.o)
[...]
Memory Configuration

Name             Origin             Length             Attributes
rom              0x00400000         0x00200000         xr
ram              0x20400000         0x00060000         xrw
*default*        0x00000000         0xffffffff

Linker script and memory map

LOAD c:/program files (x86)/atmel/studio/7.0/toolchain/arm/arm-gnu-toolchain/bin/../lib/gcc/arm-none-eabi/6.3.1/thumb/v7e-m/crti.o
LOAD c:/program files (x86)/atmel/studio/7.0/toolchain/arm/arm-gnu-toolchain/bin/../lib/gcc/arm-none-eabi/6.3.1/thumb/v7e-m/crtbegin.o
LOAD c:/program files (x86)/atmel/studio/7.0/toolchain/arm/arm-gnu-toolchain/bin/../lib/gcc/arm-none-eabi/6.3.1/../../../../arm-none-eabi/lib/thumb/v7e-m/crt0.o
LOAD src/ASF/sam/drivers/rtc/rtc.o
LOAD src/ASF/sam/drivers/rtt/rtt.o
LOAD src/main.o
LOAD src/ASF/common/services/delay/sam/cycle_counter.o
LOAD src/ASF/common/services/spi/sam_spi/spi_master.o
LOAD src/ASF/sam/components/display/ili9488/ili9488.o
LOAD src/ASF/sam/drivers/spi/spi.o
LOAD src/ASF/common/services/clock/same70/sysclk.o
LOAD src/ASF/common/utils/interrupt/interrupt_sam_nvic.o
LOAD src/ASF/sam/boards/same70_xplained/init.o
LOAD src/ASF/sam/drivers/mpu/mpu.o
LOAD src/ASF/sam/drivers/pio/pio.o
LOAD src/ASF/sam/drivers/pio/pio_handler.o
LOAD src/ASF/sam/drivers/pmc/pmc.o
LOAD src/ASF/sam/drivers/pmc/sleep.o
LOAD src/ASF/sam/utils/cmsis/same70/source/templates/gcc/startup_same70.o
LOAD src/ASF/sam/utils/cmsis/same70/source/templates/system_same70.o
LOAD src/ASF/sam/utils/syscalls/gcc/syscalls.o
START GROUP
LOAD ../src/ASF/thirdparty/CMSIS/Lib/GCC\libarm_cortexM7lfsp_math_softfp.a
LOAD c:/program files (x86)/atmel/studio/7.0/toolchain/arm/arm-gnu-toolchain/bin/../lib/gcc/arm-none-eabi/6.3.1/../../../../arm-none-eabi/lib/thumb/v7e-m\libm.a
END GROUP
START GROUP
LOAD c:/program files (x86)/atmel/studio/7.0/toolchain/arm/arm-gnu-toolchain/bin/../lib/gcc/arm-none-eabi/6.3.1/thumb/v7e-m\libgcc.a
LOAD c:/program files (x86)/atmel/studio/7.0/toolchain/arm/arm-gnu-toolchain/bin/../lib/gcc/arm-none-eabi/6.3.1/../../../../arm-none-eabi/lib/thumb/v7e-m\libc.a
END GROUP
LOAD c:/program files (x86)/atmel/studio/7.0/toolchain/arm/arm-gnu-toolchain/bin/../lib/gcc/arm-none-eabi/6.3.1/thumb/v7e-m/crtend.o
LOAD c:/program files (x86)/atmel/studio/7.0/toolchain/arm/arm-gnu-toolchain/bin/../lib/gcc/arm-none-eabi/6.3.1/thumb/v7e-m/crtn.o
                0x00002000                STACK_SIZE = DEFINED (STACK_SIZE)?STACK_SIZE:0x2000
                0x2045fffc                __ram_end__ = ((ORIGIN (ram) + LENGTH (ram)) - 0x4)
                0x00000200                HEAP_SIZE = DEFINED (HEAP_SIZE)?HEAP_SIZE:0x200

.text           0x00400000    0x34b4c
                0x00400000                . = ALIGN (0x4)
                0x00400000                _sfixed = .
 *(.vectors .vectors.*)
 .vectors       0x00400000      0x168 src/ASF/sam/utils/cmsis/same70/source/templates/gcc/startup_same70.o
                0x00400000                exception_table
 *(.text .text.* .gnu.linkonce.t.*)
 .text          0x00400168       0x6c c:/program files (x86)/atmel/studio/7.0/toolchain/arm/arm-gnu-toolchain/bin/../lib/gcc/arm-none-eabi/6.3.1/thumb/v7e-m/crtbegin.o
 .text.rtc_set_hour_mode
                0x004001d4       0x36 src/ASF/sam/drivers/rtc/rtc.o
                0x004001d4                rtc_set_hour_mode
 .text.rtc_enable_interrupt
                0x0040020a       0x1c src/ASF/sam/drivers/rtc/rtc.o
                0x0040020a                rtc_enable_interrupt
 .text.rtc_get_time
                0x00400226       0xc4 src/ASF/sam/drivers/rtc/rtc.o
                0x00400226                rtc_get_time
 *fill*         0x004002ea        0x2 
 .text.rtc_set_time
                0x004002ec      0x108 src/ASF/sam/drivers/rtc/rtc.o
                0x004002ec                rtc_set_time
 .text.rtc_set_date
                0x004003f4      0x140 src/ASF/sam/drivers/rtc/rtc.o
                0x004003f4                rtc_set_date
 .text.rtc_get_status
                0x00400534       0x18 src/ASF/sam/drivers/rtc/rtc.o
                0x00400534                rtc_get_status
 .text.rtc_clear_status
                0x0040054c       0x1c src/ASF/sam/drivers/rtc/rtc.o
                0x0040054c                rtc_clear_status
 .text.rtt_init
                0x00400568       0x30 src/ASF/sam/drivers/rtt/rtt.o
                0x00400568                rtt_init
 .text.rtt_sel_source
                0x00400598       0x58 src/ASF/sam/drivers/rtt/rtt.o
                0x00400598                rtt_sel_source
 .text.rtt_enable_interrupt
                0x004005f0       0x38 src/ASF/sam/drivers/rtt/rtt.o
                0x004005f0                rtt_enable_interrupt
 .text.rtt_disable_interrupt
                0x00400628       0x40 src/ASF/sam/drivers/rtt/rtt.o
                0x00400628                rtt_disable_interrupt
 .text.rtt_read_timer_value
                0x00400668       0x2e src/ASF/sam/drivers/rtt/rtt.o
                0x00400668                rtt_read_timer_value
 .text.rtt_get_status
                0x00400696       0x18 src/ASF/sam/drivers/rtt/rtt.o
                0x00400696                rtt_get_status
 *fill*         0x004006ae        0x2 
 .text.rtt_write_alarm_time
                0x004006b0       0x5c src/ASF/sam/drivers/rtt/rtt.o
                0x004006b0                rtt_write_alarm_time
 .text.NVIC_EnableIRQ
                0x0040070c       0x34 src/main.o
 .text.NVIC_DisableIRQ
                0x00400740       0x34 src/main.o
 .text.NVIC_ClearPendingIRQ
                0x00400774       0x34 src/main.o
 .text.NVIC_SetPriority
                0x004007a8       0x54 src/main.o
 .text.RTC_Handler
                0x004007fc       0x8c src/main.o
                0x004007fc                RTC_Handler
 .text.RTC_init
                0x00400888       0x84 src/main.o
                0x00400888                RTC_init
 .text.Button0_Handler
                0x0040090c       0x24 src/main.o
 .text.RTT_Handler
                0x00400930       0x34 src/main.o
                0x00400930                RTT_Handler
 .text.BUT_init
                0x00400964       0x6c src/main.o
                0x00400964                BUT_init
 .text.RTT_init
                0x004009d0       0x98 src/main.o
 .text.configure_lcd
                0x00400a68       0x4c src/main.o
                0x00400a68                configure_lcd
 .text.font_draw_text
                0x00400ab4       0x88 src/main.o
                0x00400ab4                font_draw_text
 *fill*         0x00400b3c        0x4 
 .text.atualizaDist
                0x00400b40       0x78 src/main.o
                0x00400b40                atualizaDist
 .text.calculaVel
                0x00400bb8       0x64 src/main.o
                0x00400bb8                calculaVel
 .text.main     0x00400c1c      0x1b0 src/main.o
                0x00400c1c                main
 .text.osc_get_rate
                0x00400dcc       0x74 src/ASF/common/services/spi/sam_spi/spi_master.o
 .text.sysclk_get_main_hz
                0x00400e40       0x20 src/ASF/common/services/spi/sam_spi/spi_master.o
 .text.sysclk_get_peripheral_hz
                0x00400e60       0x14 src/ASF/common/services/spi/sam_spi/spi_master.o
 .text.spi_reset
                0x00400e74       0x1a src/ASF/common/services/spi/sam_spi/spi_master.o
 .text.spi_set_master_mode
                0x00400e8e       0x20 src/ASF/common/services/spi/sam_spi/spi_master.o
 .text.spi_set_fixed_peripheral_select
                0x00400eae       0x20 src/ASF/common/services/spi/sam_spi/spi_master.o
 .text.spi_disable_peripheral_select_decode
                0x00400ece       0x20 src/ASF/common/services/spi/sam_spi/spi_master.o
 .text.spi_get_peripheral_select_decode_setting
                0x00400eee       0x26 src/ASF/common/services/spi/sam_spi/spi_master.o
 .text.spi_disable_mode_fault_detect
                0x00400f14       0x20 src/ASF/common/services/spi/sam_spi/spi_master.o
 .text.spi_disable_loopback
                0x00400f34       0x20 src/ASF/common/services/spi/sam_spi/spi_master.o
 .text.spi_put  0x00400f54       0x1e src/ASF/common/services/spi/sam_spi/spi_master.o
 .text.spi_get  0x00400f72       0x1a src/ASF/common/services/spi/sam_spi/spi_master.o
 .text.spi_is_tx_ready
                0x00400f8c       0x26 src/ASF/common/services/spi/sam_spi/spi_master.o
 .text.spi_is_rx_ready
                0x00400fb2       0x2c src/ASF/common/services/spi/sam_spi/spi_master.o
 *fill*         0x00400fde        0x2 
 .text.spi_write_single
                0x00400fe0       0x24 src/ASF/common/services/spi/sam_spi/spi_master.o
 .text.spi_read_single
                0x00401004       0x24 src/ASF/common/services/spi/sam_spi/spi_master.o
 .text.spi_master_init
                0x00401028       0x70 src/ASF/common/services/spi/sam_spi/spi_master.o
                0x00401028                spi_master_init
 .text.spi_master_setup_device
                0x00401098       0xb4 src/ASF/common/services/spi/sam_spi/spi_master.o
                0x00401098                spi_master_setup_device
 .text.spi_select_device
                0x0040114c       0x58 src/ASF/common/services/spi/sam_spi/spi_master.o
                0x0040114c                spi_select_device
 .text.spi_write_packet
                0x004011a4       0x74 src/ASF/common/services/spi/sam_spi/spi_master.o
                0x004011a4                spi_write_packet
 .text.spi_read_packet
                0x00401218       0xac src/ASF/common/services/spi/sam_spi/spi_master.o
                0x00401218                spi_read_packet
 .text.spi_enable
                0x004012c4       0x1a src/ASF/sam/components/display/ili9488/ili9488.o
 .text.spi_enable_interrupt
                0x004012de       0x1c src/ASF/sam/components/display/ili9488/ili9488.o
 *fill*         0x004012fa        0x2 
 .text.ili9488_write_ram_prepare
                0x004012fc       0x40 src/ASF/sam/components/display/ili9488/ili9488.o
 .text.ili9488_write_ram_buffer
                0x0040133c       0x40 src/ASF/sam/components/display/ili9488/ili9488.o
 .text.ili9488_write_register
                0x0040137c       0x78 src/ASF/sam/components/display/ili9488/ili9488.o
 .text.ili9488_read_chipid
                0x004013f4       0xcc src/ASF/sam/components/display/ili9488/ili9488.o
 .text.ili9488_delay
                0x004014c0       0x40 src/ASF/sam/components/display/ili9488/ili9488.o
                0x004014c0                ili9488_delay
 .text.ili9488_check_box_coordinates
                0x00401500       0xa2 src/ASF/sam/components/display/ili9488/ili9488.o
 *fill*         0x004015a2        0x2 
 .text.ili9488_set_display_direction
                0x004015a4       0x34 src/ASF/sam/components/display/ili9488/ili9488.o
                0x004015a4                ili9488_set_display_direction
 .text.ili9488_set_window
                0x004015d8       0xc8 src/ASF/sam/components/display/ili9488/ili9488.o
                0x004015d8                ili9488_set_window
 .text.ili9488_init
                0x004016a0      0x15c src/ASF/sam/components/display/ili9488/ili9488.o
                0x004016a0                ili9488_init
 .text.ili9488_display_on
                0x004017fc       0x18 src/ASF/sam/components/display/ili9488/ili9488.o
                0x004017fc                ili9488_display_on
 .text.ili9488_set_foreground_color
                0x00401814       0x54 src/ASF/sam/components/display/ili9488/ili9488.o
                0x00401814                ili9488_set_foreground_color
 .text.ili9488_set_cursor_position
                0x00401868       0x84 src/ASF/sam/components/display/ili9488/ili9488.o
                0x00401868                ili9488_set_cursor_position
 .text.ili9488_draw_filled_rectangle
                0x004018ec       0xdc src/ASF/sam/components/display/ili9488/ili9488.o
                0x004018ec                ili9488_draw_filled_rectangle
 .text.ili9488_draw_pixmap
                0x004019c8       0xb4 src/ASF/sam/components/display/ili9488/ili9488.o
                0x004019c8                ili9488_draw_pixmap
 .text.spi_get_peripheral_select_mode
                0x00401a7c       0x26 src/ASF/sam/drivers/spi/spi.o
 *fill*         0x00401aa2        0x2 
 .text.sysclk_enable_peripheral_clock
                0x00401aa4       0x1c src/ASF/sam/drivers/spi/spi.o
 .text.spi_enable_clock
                0x00401ac0       0x3c src/ASF/sam/drivers/spi/spi.o
                0x00401ac0                spi_enable_clock
 .text.spi_set_peripheral_chip_select_value
                0x00401afc       0x34 src/ASF/sam/drivers/spi/spi.o
                0x00401afc                spi_set_peripheral_chip_select_value
 .text.spi_set_delay_between_chip_select
                0x00401b30       0x30 src/ASF/sam/drivers/spi/spi.o
                0x00401b30                spi_set_delay_between_chip_select
 .text.spi_write
                0x00401b60       0x80 src/ASF/sam/drivers/spi/spi.o
                0x00401b60                spi_write
 .text.spi_set_clock_polarity
                0x00401be0       0x50 src/ASF/sam/drivers/spi/spi.o
                0x00401be0                spi_set_clock_polarity
 .text.spi_set_clock_phase
                0x00401c30       0x50 src/ASF/sam/drivers/spi/spi.o
                0x00401c30                spi_set_clock_phase
 .text.spi_configure_cs_behavior
                0x00401c80       0xa6 src/ASF/sam/drivers/spi/spi.o
                0x00401c80                spi_configure_cs_behavior
 .text.spi_set_bits_per_transfer
                0x00401d26       0x4a src/ASF/sam/drivers/spi/spi.o
                0x00401d26                spi_set_bits_per_transfer
 .text.spi_calc_baudrate_div
                0x00401d70       0x3c src/ASF/sam/drivers/spi/spi.o
                0x00401d70                spi_calc_baudrate_div
 .text.spi_set_baudrate_div
                0x00401dac       0x5e src/ASF/sam/drivers/spi/spi.o
                0x00401dac                spi_set_baudrate_div
 .text.spi_set_transfer_delay
                0x00401e0a       0x5e src/ASF/sam/drivers/spi/spi.o
                0x00401e0a                spi_set_transfer_delay
 .text.osc_enable
                0x00401e68       0x88 src/ASF/common/services/clock/same70/sysclk.o
 .text.osc_is_ready
                0x00401ef0       0x70 src/ASF/common/services/clock/same70/sysclk.o
 .text.osc_get_rate
                0x00401f60       0x74 src/ASF/common/services/clock/same70/sysclk.o
 .text.osc_wait_ready
                0x00401fd4       0x2c src/ASF/common/services/clock/same70/sysclk.o
 .text.pll_config_init
                0x00402000       0x6c src/ASF/common/services/clock/same70/sysclk.o
 .text.pll_enable
                0x0040206c       0x40 src/ASF/common/services/clock/same70/sysclk.o
 .text.pll_is_locked
                0x004020ac       0x2c src/ASF/common/services/clock/same70/sysclk.o
 .text.pll_enable_source
                0x004020d8       0x38 src/ASF/common/services/clock/same70/sysclk.o
 .text.pll_wait_for_lock
                0x00402110       0x24 src/ASF/common/services/clock/same70/sysclk.o
 .text.sysclk_get_main_hz
                0x00402134       0x20 src/ASF/common/services/clock/same70/sysclk.o
 .text.sysclk_get_cpu_hz
                0x00402154       0x14 src/ASF/common/services/clock/same70/sysclk.o
 .text.sysclk_init
                0x00402168       0x7c src/ASF/common/services/clock/same70/sysclk.o
                0x00402168                sysclk_init
 .text.SCB_EnableICache
                0x004021e4       0x38 src/ASF/sam/boards/same70_xplained/init.o
 .text.SCB_EnableDCache
                0x0040221c       0xa4 src/ASF/sam/boards/same70_xplained/init.o
 .text.sysclk_enable_peripheral_clock
                0x004022c0       0x1c src/ASF/sam/boards/same70_xplained/init.o
 .text.ioport_init
                0x004022dc       0x2c src/ASF/sam/boards/same70_xplained/init.o
 .text.ioport_set_pin_mode
                0x00402308      0x11c src/ASF/sam/boards/same70_xplained/init.o
 .text.ioport_set_pin_dir
                0x00402424       0x88 src/ASF/sam/boards/same70_xplained/init.o
 .text.ioport_set_pin_level
                0x004024ac       0x6c src/ASF/sam/boards/same70_xplained/init.o
 .text.ioport_set_pin_sense_mode
                0x00402518       0xd0 src/ASF/sam/boards/same70_xplained/init.o
 .text.tcm_disable
                0x004025e8       0x44 src/ASF/sam/boards/same70_xplained/init.o
 .text.board_init
                0x0040262c      0x188 src/ASF/sam/boards/same70_xplained/init.o
                0x0040262c                board_init
 .text.pio_pull_up
                0x004027b4       0x2c src/ASF/sam/drivers/pio/pio.o
                0x004027b4                pio_pull_up
 .text.pio_set  0x004027e0       0x1c src/ASF/sam/drivers/pio/pio.o
                0x004027e0                pio_set
 .text.pio_set_peripheral
                0x004027fc      0x110 src/ASF/sam/drivers/pio/pio.o
                0x004027fc                pio_set_peripheral
 .text.pio_set_input
                0x0040290c       0x80 src/ASF/sam/drivers/pio/pio.o
                0x0040290c                pio_set_input
 .text.pio_set_output
                0x0040298c       0x64 src/ASF/sam/drivers/pio/pio.o
                0x0040298c                pio_set_output
 .text.pio_configure
                0x004029f0       0xcc src/ASF/sam/drivers/pio/pio.o
                0x004029f0                pio_configure
 .text.pio_configure_interrupt
                0x00402abc       0x6c src/ASF/sam/drivers/pio/pio.o
                0x00402abc                pio_configure_interrupt
 .text.pio_enable_interrupt
                0x00402b28       0x1c src/ASF/sam/drivers/pio/pio.o
                0x00402b28                pio_enable_interrupt
 .text.pio_disable_interrupt
                0x00402b44       0x1c src/ASF/sam/drivers/pio/pio.o
                0x00402b44                pio_disable_interrupt
 .text.pio_get_interrupt_status
                0x00402b60       0x18 src/ASF/sam/drivers/pio/pio.o
                0x00402b60                pio_get_interrupt_status
 .text.pio_get_interrupt_mask
                0x00402b78       0x18 src/ASF/sam/drivers/pio/pio.o
                0x00402b78                pio_get_interrupt_mask
 .text.pio_set_pin_high
                0x00402b90       0x30 src/ASF/sam/drivers/pio/pio.o
                0x00402b90                pio_set_pin_high
 .text.pio_set_pin_low
                0x00402bc0       0x30 src/ASF/sam/drivers/pio/pio.o
                0x00402bc0                pio_set_pin_low
 .text.pio_configure_pin
                0x00402bf0      0x1b0 src/ASF/sam/drivers/pio/pio.o
                0x00402bf0                pio_configure_pin
 .text.pio_get_pin_group
                0x00402da0       0x28 src/ASF/sam/drivers/pio/pio.o
                0x00402da0                pio_get_pin_group
 .text.pio_handler_process
                0x00402dc8       0xb4 src/ASF/sam/drivers/pio/pio_handler.o
                0x00402dc8                pio_handler_process
 .text.pio_handler_set
                0x00402e7c       0xa0 src/ASF/sam/drivers/pio/pio_handler.o
                0x00402e7c                pio_handler_set
 .text.PIOA_Handler
                0x00402f1c       0x18 src/ASF/sam/drivers/pio/pio_handler.o
                0x00402f1c                PIOA_Handler
 .text.PIOB_Handler
                0x00402f34       0x18 src/ASF/sam/drivers/pio/pio_handler.o
                0x00402f34                PIOB_Handler
 .text.PIOC_Handler
                0x00402f4c       0x18 src/ASF/sam/drivers/pio/pio_handler.o
                0x00402f4c                PIOC_Handler
 .text.PIOD_Handler
                0x00402f64       0x18 src/ASF/sam/drivers/pio/pio_handler.o
                0x00402f64                PIOD_Handler
 .text.PIOE_Handler
                0x00402f7c       0x18 src/ASF/sam/drivers/pio/pio_handler.o
                0x00402f7c                PIOE_Handler
 .text.pmc_mck_set_division
                0x00402f94       0x7c src/ASF/sam/drivers/pmc/pmc.o
                0x00402f94                pmc_mck_set_division
 .text.pmc_switch_mck_to_pllack
                0x00403010       0x84 src/ASF/sam/drivers/pmc/pmc.o
                0x00403010                pmc_switch_mck_to_pllack
 .text.pmc_switch_sclk_to_32kxtal
                0x00403094       0x38 src/ASF/sam/drivers/pmc/pmc.o
                0x00403094                pmc_switch_sclk_to_32kxtal
 .text.pmc_osc_is_ready_32kxtal
                0x004030cc       0x34 src/ASF/sam/drivers/pmc/pmc.o
                0x004030cc                pmc_osc_is_ready_32kxtal
 .text.pmc_switch_mainck_to_fastrc
                0x00403100       0x70 src/ASF/sam/drivers/pmc/pmc.o
                0x00403100                pmc_switch_mainck_to_fastrc
 .text.pmc_switch_mainck_to_xtal
                0x00403170       0x78 src/ASF/sam/drivers/pmc/pmc.o
                0x00403170                pmc_switch_mainck_to_xtal
 .text.pmc_osc_is_ready_mainck
                0x004031e8       0x1c src/ASF/sam/drivers/pmc/pmc.o
                0x004031e8                pmc_osc_is_ready_mainck
 .text.pmc_disable_pllack
                0x00403204       0x1c src/ASF/sam/drivers/pmc/pmc.o
                0x00403204                pmc_disable_pllack
 .text.pmc_is_locked_pllack
                0x00403220       0x1c src/ASF/sam/drivers/pmc/pmc.o
                0x00403220                pmc_is_locked_pllack
 .text.pmc_is_locked_upll
                0x0040323c       0x1c src/ASF/sam/drivers/pmc/pmc.o
                0x0040323c                pmc_is_locked_upll
 .text.pmc_enable_periph_clk
                0x00403258       0x3c src/ASF/sam/drivers/pmc/pmc.o
                0x00403258                pmc_enable_periph_clk
 .text.cpu_irq_save
                0x00403294       0x38 src/ASF/sam/utils/cmsis/same70/source/templates/gcc/startup_same70.o
 .text.cpu_irq_is_enabled_flags
                0x004032cc       0x20 src/ASF/sam/utils/cmsis/same70/source/templates/gcc/startup_same70.o
 .text.cpu_irq_restore
                0x004032ec       0x30 src/ASF/sam/utils/cmsis/same70/source/templates/gcc/startup_same70.o
 .text.Reset_Handler
                0x0040331c       0xb0 src/ASF/sam/utils/cmsis/same70/source/templates/gcc/startup_same70.o
                0x0040331c                Reset_Handler
 .text.Dummy_Handler
                0x004033cc        0x6 src/ASF/sam/utils/cmsis/same70/source/templates/gcc/startup_same70.o
                0x004033cc                DACC_Handler
                0x004033cc                DebugMon_Handler
                0x004033cc                UART3_Handler
                0x004033cc                UART2_Handler
                0x004033cc                TRNG_Handler
                0x004033cc                HardFault_Handler
                0x004033cc                TC2_Handler
                0x004033cc                SysTick_Handler
                0x004033cc                AFEC1_Handler
                0x004033cc                PendSV_Handler
                0x004033cc                NMI_Handler
                0x004033cc                TC7_Handler
                0x004033cc                QSPI_Handler
                0x004033cc                ISI_Handler
                0x004033cc                MCAN0_INT0_Handler
                0x004033cc                TC9_Handler
                0x004033cc                RSWDT_Handler
                0x004033cc                USART0_Handler
                0x004033cc                USBHS_Handler
                0x004033cc                IXC_Handler
                0x004033cc                CCF_Handler
                0x004033cc                UsageFault_Handler
                0x004033cc                TC6_Handler
                0x004033cc                WDT_Handler
                0x004033cc                MCAN1_INT1_Handler
                0x004033cc                TC4_Handler
                0x004033cc                TC1_Handler
                0x004033cc                HSMCI_Handler
                0x004033cc                UART1_Handler
                0x004033cc                TC3_Handler
                0x004033cc                Dummy_Handler
                0x004033cc                TWIHS1_Handler
                0x004033cc                XDMAC_Handler
                0x004033cc                UART4_Handler
                0x004033cc                PWM1_Handler
                0x004033cc                USART1_Handler
                0x004033cc                PWM0_Handler
                0x004033cc                AFEC0_Handler
                0x004033cc                CCW_Handler
                0x004033cc                TC11_Handler
                0x004033cc                SSC_Handler
                0x004033cc                ACC_Handler
                0x004033cc                PMC_Handler
                0x004033cc                GMAC_Handler
                0x004033cc                MCAN0_INT1_Handler
                0x004033cc                GMAC_Q5_Handler
                0x004033cc                MemManage_Handler
                0x004033cc                SUPC_Handler
                0x004033cc                SVC_Handler
                0x004033cc                TC8_Handler
                0x004033cc                MCAN1_INT0_Handler
                0x004033cc                EFC_Handler
                0x004033cc                GMAC_Q1_Handler
                0x004033cc                USART2_Handler
                0x004033cc                SDRAMC_Handler
                0x004033cc                GMAC_Q2_Handler
                0x004033cc                SPI1_Handler
                0x004033cc                TC10_Handler
                0x004033cc                GMAC_Q3_Handler
                0x004033cc                TWIHS2_Handler
                0x004033cc                I2SC0_Handler
                0x004033cc                UART0_Handler
                0x004033cc                I2SC1_Handler
                0x004033cc                GMAC_Q4_Handler
                0x004033cc                FPU_Handler
                0x004033cc                BusFault_Handler
                0x004033cc                RSTC_Handler
                0x004033cc                TC0_Handler
                0x004033cc                TC5_Handler
                0x004033cc                AES_Handler
                0x004033cc                ICM_Handler
                0x004033cc                TWIHS0_Handler
                0x004033cc                SPI0_Handler
 *fill*         0x004033d2        0x2 
 .text.SystemCoreClockUpdate
                0x004033d4      0x168 src/ASF/sam/utils/cmsis/same70/source/templates/system_same70.o
                0x004033d4                SystemCoreClockUpdate
 .text.system_init_flash
                0x0040353c       0xb0 src/ASF/sam/utils/cmsis/same70/source/templates/system_same70.o
                0x0040353c                system_init_flash
 .text._sbrk    0x004035ec       0x58 src/ASF/sam/utils/syscalls/gcc/syscalls.o
                0x004035ec                _sbrk
 .text          0x00403644      0x370 c:/program files (x86)/atmel/studio/7.0/toolchain/arm/arm-gnu-toolchain/bin/../lib/gcc/arm-none-eabi/6.3.1/thumb/v7e-m\libgcc.a(_arm_addsubdf3.o)
                0x00403644                __aeabi_drsub
                0x0040364c                __aeabi_dsub
                0x0040364c                __subdf3
                0x00403650                __aeabi_dadd
                0x00403650                __adddf3
                0x004038c8                __floatunsidf
                0x004038c8                __aeabi_ui2d
                0x004038e8                __floatsidf
                0x004038e8                __aeabi_i2d
                0x0040390c                __aeabi_f2d
                0x0040390c                __extendsfdf2
                0x00403948                __floatundidf
                0x00403948                __aeabi_ul2d
                0x00403958                __floatdidf
                0x00403958                __aeabi_l2d
 .text          0x004039b4      0x424 c:/program files (x86)/atmel/studio/7.0/toolchain/arm/arm-gnu-toolchain/bin/../lib/gcc/arm-none-eabi/6.3.1/thumb/v7e-m\libgcc.a(_arm_muldivdf3.o)
                0x004039b4                __aeabi_dmul
                0x004039b4                __muldf3
                0x00403c08                __divdf3
                0x00403c08                __aeabi_ddiv
 .text          0x00403dd8       0xa0 c:/program files (x86)/atmel/studio/7.0/toolchain/arm/arm-gnu-toolchain/bin/../lib/gcc/arm-none-eabi/6.3.1/thumb/v7e-m\libgcc.a(_arm_truncdfsf2.o)
                0x00403dd8                __truncdfsf2
                0x00403dd8                __aeabi_d2f
 .text.__libc_init_array
                0x00403e78       0x50 c:/program files (x86)/atmel/studio/7.0/toolchain/arm/arm-gnu-toolchain/bin/../lib/gcc/arm-none-eabi/6.3.1/../../../../arm-none-eabi/lib/thumb/v7e-m\libc.a(lib_a-init.o)
                0x00403e78                __libc_init_array
 .text.memset   0x00403ec8       0x9c c:/program files (x86)/atmel/studio/7.0/toolchain/arm/arm-gnu-toolchain/bin/../lib/gcc/arm-none-eabi/6.3.1/../../../../arm-none-eabi/lib/thumb/v7e-m\libc.a(lib_a-memset.o)
                0x00403ec8                memset
 .text.sprintf  0x00403f64       0x4c c:/program files (x86)/atmel/studio/7.0/toolchain/arm/arm-gnu-toolchain/bin/../lib/gcc/arm-none-eabi/6.3.1/../../../../arm-none-eabi/lib/thumb/v7e-m\libc.a(lib_a-sprintf.o)
                0x00403f64                sprintf
 .text._svfprintf_r
                0x00403fb0     0x145c c:/program files (x86)/atmel/studio/7.0/toolchain/arm/arm-gnu-toolchain/bin/../lib/gcc/arm-none-eabi/6.3.1/../../../../arm-none-eabi/lib/thumb/v7e-m\libc.a(lib_a-svfprintf.o)
                0x00403fb0                _svfprintf_r
 .text.startup.register_fini
                0x0040540c       0x14 c:/program files (x86)/atmel/studio/7.0/toolchain/arm/arm-gnu-toolchain/bin/../lib/gcc/arm-none-eabi/6.3.1/../../../../arm-none-eabi/lib/thumb/v7e-m\libc.a(lib_a-__call_atexit.o)
 .text.atexit   0x00405420        0xc c:/program files (x86)/atmel/studio/7.0/toolchain/arm/arm-gnu-toolchain/bin/../lib/gcc/arm-none-eabi/6.3.1/../../../../arm-none-eabi/lib/thumb/v7e-m\libc.a(lib_a-atexit.o)
                0x00405420                atexit
 .text.quorem   0x0040542c      0x128 c:/program files (x86)/atmel/studio/7.0/toolchain/arm/arm-gnu-toolchain/bin/../lib/gcc/arm-none-eabi/6.3.1/../../../../arm-none-eabi/lib/thumb/v7e-m\libc.a(lib_a-dtoa.o)
 *fill*         0x00405554        0x4 
 .text._dtoa_r  0x00405558      0xe54 c:/program files (x86)/atmel/studio/7.0/toolchain/arm/arm-gnu-toolchain/bin/../lib/gcc/arm-none-eabi/6.3.1/../../../../arm-none-eabi/lib/thumb/v7e-m\libc.a(lib_a-dtoa.o)
                0x00405558                _dtoa_r
 .text.__libc_fini_array
                0x004063ac       0x34 c:/program files (x86)/atmel/studio/7.0/toolchain/arm/arm-gnu-toolchain/bin/../lib/gcc/arm-none-eabi/6.3.1/../../../../arm-none-eabi/lib/thumb/v7e-m\libc.a(lib_a-fini.o)
                0x004063ac                __libc_fini_array
 .text._localeconv_r
                0x004063e0       0x1c c:/program files (x86)/atmel/studio/7.0/toolchain/arm/arm-gnu-toolchain/bin/../lib/gcc/arm-none-eabi/6.3.1/../../../../arm-none-eabi/lib/thumb/v7e-m\libc.a(lib_a-localeconv.o)
                0x004063e0                _localeconv_r
 .text.__retarget_lock_acquire_recursive
                0x004063fc        0x4 c:/program files (x86)/atmel/studio/7.0/toolchain/arm/arm-gnu-toolchain/bin/../lib/gcc/arm-none-eabi/6.3.1/../../../../arm-none-eabi/lib/thumb/v7e-m\libc.a(lib_a-lock.o)
                0x004063fc                __retarget_lock_acquire_recursive
 .text.__retarget_lock_release_recursive
                0x00406400        0x4 c:/program files (x86)/atmel/studio/7.0/toolchain/arm/arm-gnu-toolchain/bin/../lib/gcc/arm-none-eabi/6.3.1/../../../../arm-none-eabi/lib/thumb/v7e-m\libc.a(lib_a-lock.o)
                0x00406400                __retarget_lock_release_recursive
 .text._malloc_r
                0x00406404      0x560 c:/program files (x86)/atmel/studio/7.0/toolchain/arm/arm-gnu-toolchain/bin/../lib/gcc/arm-none-eabi/6.3.1/../../../../arm-none-eabi/lib/thumb/v7e-m\libc.a(lib_a-mallocr.o)
                0x00406404                _malloc_r
 *fill*         0x00406964        0xc 
 .text          0x00406970       0xa0 c:/program files (x86)/atmel/studio/7.0/toolchain/arm/arm-gnu-toolchain/bin/../lib/gcc/arm-none-eabi/6.3.1/../../../../arm-none-eabi/lib/thumb/v7e-m\libc.a(lib_a-memchr.o)
                0x00406970                memchr
 .text          0x00406a10      0x134 c:/program files (x86)/atmel/studio/7.0/toolchain/arm/arm-gnu-toolchain/bin/../lib/gcc/arm-none-eabi/6.3.1/../../../../arm-none-eabi/lib/thumb/v7e-m\libc.a(lib_a-memcpy.o)
                0x00406a10                memcpy
 .text.__malloc_lock
                0x00406b44        0xc c:/program files (x86)/atmel/studio/7.0/toolchain/arm/arm-gnu-toolchain/bin/../lib/gcc/arm-none-eabi/6.3.1/../../../../arm-none-eabi/lib/thumb/v7e-m\libc.a(lib_a-mlock.o)
                0x00406b44                __malloc_lock
 .text.__malloc_unlock
                0x00406b50        0xc c:/program files (x86)/atmel/studio/7.0/toolchain/arm/arm-gnu-toolchain/bin/../lib/gcc/arm-none-eabi/6.3.1/../../../../arm-none-eabi/lib/thumb/v7e-m\libc.a(lib_a-mlock.o)
                0x00406b50                __malloc_unlock
 .text._Balloc  0x00406b5c       0x4c c:/program files (x86)/atmel/studio/7.0/toolchain/arm/arm-gnu-toolchain/bin/../lib/gcc/arm-none-eabi/6.3.1/../../../../arm-none-eabi/lib/thumb/v7e-m\libc.a(lib_a-mprec.o)
                0x00406b5c                _Balloc
 .text._Bfree   0x00406ba8       0x14 c:/program files (x86)/atmel/studio/7.0/toolchain/arm/arm-gnu-toolchain/bin/../lib/gcc/arm-none-eabi/6.3.1/../../../../arm-none-eabi/lib/thumb/v7e-m\libc.a(lib_a-mprec.o)
                0x00406ba8                _Bfree
 .text.__multadd
                0x00406bbc       0x80 c:/program files (x86)/atmel/studio/7.0/toolchain/arm/arm-gnu-toolchain/bin/../lib/gcc/arm-none-eabi/6.3.1/../../../../arm-none-eabi/lib/thumb/v7e-m\libc.a(lib_a-mprec.o)
                0x00406bbc                __multadd
 .text.__hi0bits
                0x00406c3c       0x40 c:/program files (x86)/atmel/studio/7.0/toolchain/arm/arm-gnu-toolchain/bin/../lib/gcc/arm-none-eabi/6.3.1/../../../../arm-none-eabi/lib/thumb/v7e-m\libc.a(lib_a-mprec.o)
                0x00406c3c                __hi0bits
 .text.__lo0bits
                0x00406c7c       0x60 c:/program files (x86)/atmel/studio/7.0/toolchain/arm/arm-gnu-toolchain/bin/../lib/gcc/arm-none-eabi/6.3.1/../../../../arm-none-eabi/lib/thumb/v7e-m\libc.a(lib_a-mprec.o)
                0x00406c7c                __lo0bits
 .text.__i2b    0x00406cdc       0x14 c:/program files (x86)/atmel/studio/7.0/toolchain/arm/arm-gnu-toolchain/bin/../lib/gcc/arm-none-eabi/6.3.1/../../../../arm-none-eabi/lib/thumb/v7e-m\libc.a(lib_a-mprec.o)
                0x00406cdc                __i2b
 .text.__multiply
                0x00406cf0      0x124 c:/program files (x86)/atmel/studio/7.0/toolchain/arm/arm-gnu-toolchain/bin/../lib/gcc/arm-none-eabi/6.3.1/../../../../arm-none-eabi/lib/thumb/v7e-m\libc.a(lib_a-mprec.o)
                0x00406cf0                __multiply
 .text.__pow5mult
                0x00406e14       0xa0 c:/program files (x86)/atmel/studio/7.0/toolchain/arm/arm-gnu-toolchain/bin/../lib/gcc/arm-none-eabi/6.3.1/../../../../arm-none-eabi/lib/thumb/v7e-m\libc.a(lib_a-mprec.o)
                0x00406e14                __pow5mult
 .text.__lshift
                0x00406eb4       0xa4 c:/program files (x86)/atmel/studio/7.0/toolchain/arm/arm-gnu-toolchain/bin/../lib/gcc/arm-none-eabi/6.3.1/../../../../arm-none-eabi/lib/thumb/v7e-m\libc.a(lib_a-mprec.o)
                0x00406eb4                __lshift
 .text.__mcmp   0x00406f58       0x38 c:/program files (x86)/atmel/studio/7.0/toolchain/arm/arm-gnu-toolchain/bin/../lib/gcc/arm-none-eabi/6.3.1/../../../../arm-none-eabi/lib/thumb/v7e-m\libc.a(lib_a-mprec.o)
                0x00406f58                __mcmp
 .text.__mdiff  0x00406f90      0x108 c:/program files (x86)/atmel/studio/7.0/toolchain/arm/arm-gnu-toolchain/bin/../lib/gcc/arm-none-eabi/6.3.1/../../../../arm-none-eabi/lib/thumb/v7e-m\libc.a(lib_a-mprec.o)
                0x00406f90                __mdiff
 .text.__d2b    0x00407098       0xb8 c:/program files (x86)/atmel/studio/7.0/toolchain/arm/arm-gnu-toolchain/bin/../lib/gcc/arm-none-eabi/6.3.1/../../../../arm-none-eabi/lib/thumb/v7e-m\libc.a(lib_a-mprec.o)
                0x00407098                __d2b
 .text._sbrk_r  0x00407150       0x24 c:/program files (x86)/atmel/studio/7.0/toolchain/arm/arm-gnu-toolchain/bin/../lib/gcc/arm-none-eabi/6.3.1/../../../../arm-none-eabi/lib/thumb/v7e-m\libc.a(lib_a-sbrkr.o)
                0x00407150                _sbrk_r
 *fill*         0x00407174        0xc 
 .text          0x00407180       0xdc c:/program files (x86)/atmel/studio/7.0/toolchain/arm/arm-gnu-toolchain/bin/../lib/gcc/arm-none-eabi/6.3.1/../../../../arm-none-eabi/lib/thumb/v7e-m\libc.a(lib_a-strlen.o)
                0x00407180                strlen
 .text.__ssprint_r
                0x0040725c       0xfc c:/program files (x86)/atmel/studio/7.0/toolchain/arm/arm-gnu-toolchain/bin/../lib/gcc/arm-none-eabi/6.3.1/../../../../arm-none-eabi/lib/thumb/v7e-m\libc.a(lib_a-svfiprintf.o)
                0x0040725c                __ssprint_r
 .text.__register_exitproc
                0x00407358       0xc4 c:/program files (x86)/atmel/studio/7.0/toolchain/arm/arm-gnu-toolchain/bin/../lib/gcc/arm-none-eabi/6.3.1/../../../../arm-none-eabi/lib/thumb/v7e-m\libc.a(lib_a-__atexit.o)
                0x00407358                __register_exitproc
 .text._calloc_r
                0x0040741c       0x60 c:/program files (x86)/atmel/studio/7.0/toolchain/arm/arm-gnu-toolchain/bin/../lib/gcc/arm-none-eabi/6.3.1/../../../../arm-none-eabi/lib/thumb/v7e-m\libc.a(lib_a-callocr.o)
                0x0040741c                _calloc_r
 .text._malloc_trim_r
                0x0040747c       0xa0 c:/program files (x86)/atmel/studio/7.0/toolchain/arm/arm-gnu-toolchain/bin/../lib/gcc/arm-none-eabi/6.3.1/../../../../arm-none-eabi/lib/thumb/v7e-m\libc.a(lib_a-freer.o)
                0x0040747c                _malloc_trim_r
 .text._free_r  0x0040751c      0x1cc c:/program files (x86)/atmel/studio/7.0/toolchain/arm/arm-gnu-toolchain/bin/../lib/gcc/arm-none-eabi/6.3.1/../../../../arm-none-eabi/lib/thumb/v7e-m\libc.a(lib_a-freer.o)
                0x0040751c                _free_r
 .text.__ascii_mbtowc
                0x004076e8       0x2c c:/program files (x86)/atmel/studio/7.0/toolchain/arm/arm-gnu-toolchain/bin/../lib/gcc/arm-none-eabi/6.3.1/../../../../arm-none-eabi/lib/thumb/v7e-m\libc.a(lib_a-mbtowc_r.o)
                0x004076e8                __ascii_mbtowc
 .text.memmove  0x00407714       0xc8 c:/program files (x86)/atmel/studio/7.0/toolchain/arm/arm-gnu-toolchain/bin/../lib/gcc/arm-none-eabi/6.3.1/../../../../arm-none-eabi/lib/thumb/v7e-m\libc.a(lib_a-memmove.o)
                0x00407714                memmove
 .text._realloc_r
                0x004077dc      0x34c c:/program files (x86)/atmel/studio/7.0/toolchain/arm/arm-gnu-toolchain/bin/../lib/gcc/arm-none-eabi/6.3.1/../../../../arm-none-eabi/lib/thumb/v7e-m\libc.a(lib_a-reallocr.o)
                0x004077dc                _realloc_r
 .text.__ascii_wctomb
                0x00407b28       0x1c c:/program files (x86)/atmel/studio/7.0/toolchain/arm/arm-gnu-toolchain/bin/../lib/gcc/arm-none-eabi/6.3.1/../../../../arm-none-eabi/lib/thumb/v7e-m\libc.a(lib_a-wctomb_r.o)
                0x00407b28                __ascii_wctomb
 .text          0x00407b44      0x110 c:/program files (x86)/atmel/studio/7.0/toolchain/arm/arm-gnu-toolchain/bin/../lib/gcc/arm-none-eabi/6.3.1/thumb/v7e-m\libgcc.a(_arm_cmpdf2.o)
                0x00407b44                __gtdf2
                0x00407b44                __gedf2
                0x00407b4c                __ltdf2
                0x00407b4c                __ledf2
                0x00407b54                __nedf2
                0x00407b54                __eqdf2
                0x00407b54                __cmpdf2
                0x00407bd0                __aeabi_cdrcmple
                0x00407be0                __aeabi_cdcmpeq
                0x00407be0                __aeabi_cdcmple
                0x00407bf0                __aeabi_dcmpeq
                0x00407c04                __aeabi_dcmplt
                0x00407c18                __aeabi_dcmple
                0x00407c2c                __aeabi_dcmpge
                0x00407c40                __aeabi_dcmpgt
 .text          0x00407c54       0x2c c:/program files (x86)/atmel/studio/7.0/toolchain/arm/arm-gnu-toolchain/bin/../lib/gcc/arm-none-eabi/6.3.1/thumb/v7e-m\libgcc.a(_arm_unorddf2.o)
                0x00407c54                __unorddf2
                0x00407c54                __aeabi_dcmpun
 .text          0x00407c80       0x50 c:/program files (x86)/atmel/studio/7.0/toolchain/arm/arm-gnu-toolchain/bin/../lib/gcc/arm-none-eabi/6.3.1/thumb/v7e-m\libgcc.a(_arm_fixdfsi.o)
                0x00407c80                __aeabi_d2iz
                0x00407c80                __fixdfsi
 .text          0x00407cd0       0x30 c:/program files (x86)/atmel/studio/7.0/toolchain/arm/arm-gnu-toolchain/bin/../lib/gcc/arm-none-eabi/6.3.1/thumb/v7e-m\libgcc.a(_aeabi_uldivmod.o)
                0x00407cd0                __aeabi_uldivmod
 .text          0x00407d00      0x2dc c:/program files (x86)/atmel/studio/7.0/toolchain/arm/arm-gnu-toolchain/bin/../lib/gcc/arm-none-eabi/6.3.1/thumb/v7e-m\libgcc.a(_udivmoddi4.o)
                0x00407d00                __udivmoddi4
 .text          0x00407fdc        0x4 c:/program files (x86)/atmel/studio/7.0/toolchain/arm/arm-gnu-toolchain/bin/../lib/gcc/arm-none-eabi/6.3.1/thumb/v7e-m\libgcc.a(_dvmd_tls.o)
                0x00407fdc                __aeabi_idiv0
                0x00407fdc                __aeabi_ldiv0
 *(.glue_7t)
 .glue_7t       0x00407fe0        0x0 linker stubs
 *(.glue_7)
 .glue_7        0x00407fe0        0x0 linker stubs
 *(.rodata .rodata* .gnu.linkonce.r.*)
 .rodata.image_data_calibri_36_0x20
                0x00407fe0      0x378 src/main.o
 .rodata.calibri_36_0x20
                0x00408358       0x10 src/main.o
 .rodata.image_data_calibri_36_0x21
                0x00408368      0x534 src/main.o
 .rodata.calibri_36_0x21
                0x0040889c       0x10 src/main.o
 .rodata.image_data_calibri_36_0x22
                0x004088ac      0x612 src/main.o
 *fill*         0x00408ebe        0x2 
 .rodata.calibri_36_0x22
                0x00408ec0       0x10 src/main.o
 .rodata.image_data_calibri_36_0x23
                0x00408ed0      0x7ce src/main.o
 *fill*         0x0040969e        0x2 
 .rodata.calibri_36_0x23
                0x004096a0       0x10 src/main.o
 .rodata.image_data_calibri_36_0x24
                0x004096b0      0x7ce src/main.o
 *fill*         0x00409e7e        0x2 
 .rodata.calibri_36_0x24
                0x00409e80       0x10 src/main.o
 .rodata.image_data_calibri_36_0x25
                0x00409e90      0xb46 src/main.o
 *fill*         0x0040a9d6        0x2 
 .rodata.calibri_36_0x25
                0x0040a9d8       0x10 src/main.o
 .rodata.image_data_calibri_36_0x26
                0x0040a9e8      0xad7 src/main.o
 *fill*         0x0040b4bf        0x1 
 .rodata.calibri_36_0x26
                0x0040b4c0       0x10 src/main.o
 .rodata.image_data_calibri_36_0x27
                0x0040b4d0      0x378 src/main.o
 .rodata.calibri_36_0x27
                0x0040b848       0x10 src/main.o
 .rodata.image_data_calibri_36_0x28
                0x0040b858      0x4c5 src/main.o
 *fill*         0x0040bd1d        0x3 
 .rodata.calibri_36_0x28
                0x0040bd20       0x10 src/main.o
 .rodata.image_data_calibri_36_0x29
                0x0040bd30      0x4c5 src/main.o
 *fill*         0x0040c1f5        0x3 
 .rodata.calibri_36_0x29
                0x0040c1f8       0x10 src/main.o
 .rodata.image_data_calibri_36_0x2a
                0x0040c208      0x7ce src/main.o
 *fill*         0x0040c9d6        0x2 
 .rodata.calibri_36_0x2a
                0x0040c9d8       0x10 src/main.o
 .rodata.image_data_calibri_36_0x2b
                0x0040c9e8      0x7ce src/main.o
 *fill*         0x0040d1b6        0x2 
 .rodata.calibri_36_0x2b
                0x0040d1b8       0x10 src/main.o
 .rodata.image_data_calibri_36_0x2c
                0x0040d1c8      0x3e7 src/main.o
 *fill*         0x0040d5af        0x1 
 .rodata.calibri_36_0x2c
                0x0040d5b0       0x10 src/main.o
 .rodata.image_data_calibri_36_0x2d
                0x0040d5c0      0x4c5 src/main.o
 *fill*         0x0040da85        0x3 
 .rodata.calibri_36_0x2d
                0x0040da88       0x10 src/main.o
 .rodata.image_data_calibri_36_0x2e
                0x0040da98      0x3e7 src/main.o
 *fill*         0x0040de7f        0x1 
 .rodata.calibri_36_0x2e
                0x0040de80       0x10 src/main.o
 .rodata.image_data_calibri_36_0x2f
                0x0040de90      0x612 src/main.o
 *fill*         0x0040e4a2        0x2 
 .rodata.calibri_36_0x2f
                0x0040e4a4       0x10 src/main.o
 .rodata.image_data_calibri_36_0x30
                0x0040e4b4      0x7ce src/main.o
 *fill*         0x0040ec82        0x2 
 .rodata.calibri_36_0x30
                0x0040ec84       0x10 src/main.o
 .rodata.image_data_calibri_36_0x31
                0x0040ec94      0x7ce src/main.o
 *fill*         0x0040f462        0x2 
 .rodata.calibri_36_0x31
                0x0040f464       0x10 src/main.o
 .rodata.image_data_calibri_36_0x32
                0x0040f474      0x7ce src/main.o
 *fill*         0x0040fc42        0x2 
 .rodata.calibri_36_0x32
                0x0040fc44       0x10 src/main.o
 .rodata.image_data_calibri_36_0x33
                0x0040fc54      0x7ce src/main.o
 *fill*         0x00410422        0x2 
 .rodata.calibri_36_0x33
                0x00410424       0x10 src/main.o
 .rodata.image_data_calibri_36_0x34
                0x00410434      0x7ce src/main.o
 *fill*         0x00410c02        0x2 
 .rodata.calibri_36_0x34
                0x00410c04       0x10 src/main.o
 .rodata.image_data_calibri_36_0x35
                0x00410c14      0x7ce src/main.o
 *fill*         0x004113e2        0x2 
 .rodata.calibri_36_0x35
                0x004113e4       0x10 src/main.o
 .rodata.image_data_calibri_36_0x36
                0x004113f4      0x7ce src/main.o
 *fill*         0x00411bc2        0x2 
 .rodata.calibri_36_0x36
                0x00411bc4       0x10 src/main.o
 .rodata.image_data_calibri_36_0x37
                0x00411bd4      0x7ce src/main.o
 *fill*         0x004123a2        0x2 
 .rodata.calibri_36_0x37
                0x004123a4       0x10 src/main.o
 .rodata.image_data_calibri_36_0x38
                0x004123b4      0x7ce src/main.o
 *fill*         0x00412b82        0x2 
 .rodata.calibri_36_0x38
                0x00412b84       0x10 src/main.o
 .rodata.image_data_calibri_36_0x39
                0x00412b94      0x7ce src/main.o
 *fill*         0x00413362        0x2 
 .rodata.calibri_36_0x39
                0x00413364       0x10 src/main.o
 .rodata.image_data_calibri_36_0x3a
                0x00413374      0x456 src/main.o
 *fill*         0x004137ca        0x2 
 .rodata.calibri_36_0x3a
                0x004137cc       0x10 src/main.o
 .rodata.image_data_calibri_36_0x3b
                0x004137dc      0x456 src/main.o
 *fill*         0x00413c32        0x2 
 .rodata.calibri_36_0x3b
                0x00413c34       0x10 src/main.o
 .rodata.image_data_calibri_36_0x3c
                0x00413c44      0x7ce src/main.o
 *fill*         0x00414412        0x2 
 .rodata.calibri_36_0x3c
                0x00414414       0x10 src/main.o
 .rodata.image_data_calibri_36_0x3d
                0x00414424      0x7ce src/main.o
 *fill*         0x00414bf2        0x2 
 .rodata.calibri_36_0x3d
                0x00414bf4       0x10 src/main.o
 .rodata.image_data_calibri_36_0x3e
                0x00414c04      0x7ce src/main.o
 *fill*         0x004153d2        0x2 
 .rodata.calibri_36_0x3e
                0x004153d4       0x10 src/main.o
 .rodata.image_data_calibri_36_0x3f
                0x004153e4      0x75f src/main.o
 *fill*         0x00415b43        0x1 
 .rodata.calibri_36_0x3f
                0x00415b44       0x10 src/main.o
 .rodata.image_data_calibri_36_0x40
                0x00415b54      0xde0 src/main.o
 .rodata.calibri_36_0x40
                0x00416934       0x10 src/main.o
 .rodata.image_data_calibri_36_0x41
                0x00416944      0x91b src/main.o
 *fill*         0x0041725f        0x1 
 .rodata.calibri_36_0x41
                0x00417260       0x10 src/main.o
 .rodata.image_data_calibri_36_0x42
                0x00417270      0x8ac src/main.o
 .rodata.calibri_36_0x42
                0x00417b1c       0x10 src/main.o
 .rodata.image_data_calibri_36_0x43
                0x00417b2c      0x83d src/main.o
 *fill*         0x00418369        0x3 
 .rodata.calibri_36_0x43
                0x0041836c       0x10 src/main.o
 .rodata.image_data_calibri_36_0x44
                0x0041837c      0x98a src/main.o
 *fill*         0x00418d06        0x2 
 .rodata.calibri_36_0x44
                0x00418d08       0x10 src/main.o
 .rodata.image_data_calibri_36_0x45
                0x00418d18      0x7ce src/main.o
 *fill*         0x004194e6        0x2 
 .rodata.calibri_36_0x45
                0x004194e8       0x10 src/main.o
 .rodata.image_data_calibri_36_0x46
                0x004194f8      0x75f src/main.o
 *fill*         0x00419c57        0x1 
 .rodata.calibri_36_0x46
                0x00419c58       0x10 src/main.o
 .rodata.image_data_calibri_36_0x47
                0x00419c68      0x9f9 src/main.o
 *fill*         0x0041a661        0x3 
 .rodata.calibri_36_0x47
                0x0041a664       0x10 src/main.o
 .rodata.image_data_calibri_36_0x48
                0x0041a674      0x98a src/main.o
 *fill*         0x0041affe        0x2 
 .rodata.calibri_36_0x48
                0x0041b000       0x10 src/main.o
 .rodata.image_data_calibri_36_0x49
                0x0041b010      0x3e7 src/main.o
 *fill*         0x0041b3f7        0x1 
 .rodata.calibri_36_0x49
                0x0041b3f8       0x10 src/main.o
 .rodata.image_data_calibri_36_0x4a
                0x0041b408      0x4c5 src/main.o
 *fill*         0x0041b8cd        0x3 
 .rodata.calibri_36_0x4a
                0x0041b8d0       0x10 src/main.o
 .rodata.image_data_calibri_36_0x4b
                0x0041b8e0      0x83d src/main.o
 *fill*         0x0041c11d        0x3 
 .rodata.calibri_36_0x4b
                0x0041c120       0x10 src/main.o
 .rodata.image_data_calibri_36_0x4c
                0x0041c130      0x681 src/main.o
 *fill*         0x0041c7b1        0x3 
 .rodata.calibri_36_0x4c
                0x0041c7b4       0x10 src/main.o
 .rodata.image_data_calibri_36_0x4d
                0x0041c7c4      0xd71 src/main.o
 *fill*         0x0041d535        0x3 
 .rodata.calibri_36_0x4d
                0x0041d538       0x10 src/main.o
 .rodata.image_data_calibri_36_0x4e
                0x0041d548      0x9f9 src/main.o
 *fill*         0x0041df41        0x3 
 .rodata.calibri_36_0x4e
                0x0041df44       0x10 src/main.o
 .rodata.image_data_calibri_36_0x4f
                0x0041df54      0xa68 src/main.o
 .rodata.calibri_36_0x4f
                0x0041e9bc       0x10 src/main.o
 .rodata.image_data_calibri_36_0x50
                0x0041e9cc      0x83d src/main.o
 *fill*         0x0041f209        0x3 
 .rodata.calibri_36_0x50
                0x0041f20c       0x10 src/main.o
 .rodata.image_data_calibri_36_0x51
                0x0041f21c      0xad7 src/main.o
 *fill*         0x0041fcf3        0x1 
 .rodata.calibri_36_0x51
                0x0041fcf4       0x10 src/main.o
 .rodata.image_data_calibri_36_0x52
                0x0041fd04      0x8ac src/main.o
 .rodata.calibri_36_0x52
                0x004205b0       0x10 src/main.o
 .rodata.image_data_calibri_36_0x53
                0x004205c0      0x75f src/main.o
 *fill*         0x00420d1f        0x1 
 .rodata.calibri_36_0x53
                0x00420d20       0x10 src/main.o
 .rodata.image_data_calibri_36_0x54
                0x00420d30      0x7ce src/main.o
 *fill*         0x004214fe        0x2 
 .rodata.calibri_36_0x54
                0x00421500       0x10 src/main.o
 .rodata.image_data_calibri_36_0x55
                0x00421510      0x9f9 src/main.o
 *fill*         0x00421f09        0x3 
 .rodata.calibri_36_0x55
                0x00421f0c       0x10 src/main.o
 .rodata.image_data_calibri_36_0x56
                0x00421f1c      0x8ac src/main.o
 .rodata.calibri_36_0x56
                0x004227c8       0x10 src/main.o
 .rodata.image_data_calibri_36_0x57
                0x004227d8      0xde0 src/main.o
 .rodata.calibri_36_0x57
                0x004235b8       0x10 src/main.o
 .rodata.image_data_calibri_36_0x58
                0x004235c8      0x83d src/main.o
 *fill*         0x00423e05        0x3 
 .rodata.calibri_36_0x58
                0x00423e08       0x10 src/main.o
 .rodata.image_data_calibri_36_0x59
                0x00423e18      0x7ce src/main.o
 *fill*         0x004245e6        0x2 
 .rodata.calibri_36_0x59
                0x004245e8       0x10 src/main.o
 .rodata.image_data_calibri_36_0x5a
                0x004245f8      0x75f src/main.o
 *fill*         0x00424d57        0x1 
 .rodata.calibri_36_0x5a
                0x00424d58       0x10 src/main.o
 .rodata.image_data_calibri_36_0x5b
                0x00424d68      0x4c5 src/main.o
 *fill*         0x0042522d        0x3 
 .rodata.calibri_36_0x5b
                0x00425230       0x10 src/main.o
 .rodata.image_data_calibri_36_0x5c
                0x00425240      0x612 src/main.o
 *fill*         0x00425852        0x2 
 .rodata.calibri_36_0x5c
                0x00425854       0x10 src/main.o
 .rodata.image_data_calibri_36_0x5d
                0x00425864      0x4c5 src/main.o
 *fill*         0x00425d29        0x3 
 .rodata.calibri_36_0x5d
                0x00425d2c       0x10 src/main.o
 .rodata.image_data_calibri_36_0x5e
                0x00425d3c      0x7ce src/main.o
 *fill*         0x0042650a        0x2 
 .rodata.calibri_36_0x5e
                0x0042650c       0x10 src/main.o
 .rodata.image_data_calibri_36_0x5f
                0x0042651c      0x7ce src/main.o
 *fill*         0x00426cea        0x2 
 .rodata.calibri_36_0x5f
                0x00426cec       0x10 src/main.o
 .rodata.image_data_calibri_36_0x60
                0x00426cfc      0x456 src/main.o
 *fill*         0x00427152        0x2 
 .rodata.calibri_36_0x60
                0x00427154       0x10 src/main.o
 .rodata.image_data_calibri_36_0x61
                0x00427164      0x75f src/main.o
 *fill*         0x004278c3        0x1 
 .rodata.calibri_36_0x61
                0x004278c4       0x10 src/main.o
 .rodata.image_data_calibri_36_0x62
                0x004278d4      0x83d src/main.o
 *fill*         0x00428111        0x3 
 .rodata.calibri_36_0x62
                0x00428114       0x10 src/main.o
 .rodata.image_data_calibri_36_0x63
                0x00428124      0x681 src/main.o
 *fill*         0x004287a5        0x3 
 .rodata.calibri_36_0x63
                0x004287a8       0x10 src/main.o
 .rodata.image_data_calibri_36_0x64
                0x004287b8      0x83d src/main.o
 *fill*         0x00428ff5        0x3 
 .rodata.calibri_36_0x64
                0x00428ff8       0x10 src/main.o
 .rodata.image_data_calibri_36_0x65
                0x00429008      0x7ce src/main.o
 *fill*         0x004297d6        0x2 
 .rodata.calibri_36_0x65
                0x004297d8       0x10 src/main.o
 .rodata.image_data_calibri_36_0x66
                0x004297e8      0x4c5 src/main.o
 *fill*         0x00429cad        0x3 
 .rodata.calibri_36_0x66
                0x00429cb0       0x10 src/main.o
 .rodata.image_data_calibri_36_0x67
                0x00429cc0      0x75f src/main.o
 *fill*         0x0042a41f        0x1 
 .rodata.calibri_36_0x67
                0x0042a420       0x10 src/main.o
 .rodata.image_data_calibri_36_0x68
                0x0042a430      0x83d src/main.o
 *fill*         0x0042ac6d        0x3 
 .rodata.calibri_36_0x68
                0x0042ac70       0x10 src/main.o
 .rodata.image_data_calibri_36_0x69
                0x0042ac80      0x378 src/main.o
 .rodata.calibri_36_0x69
                0x0042aff8       0x10 src/main.o
 .rodata.image_data_calibri_36_0x6a
                0x0042b008      0x3e7 src/main.o
 *fill*         0x0042b3ef        0x1 
 .rodata.calibri_36_0x6a
                0x0042b3f0       0x10 src/main.o
 .rodata.image_data_calibri_36_0x6b
                0x0042b400      0x6f0 src/main.o
 .rodata.calibri_36_0x6b
                0x0042baf0       0x10 src/main.o
 .rodata.image_data_calibri_36_0x6c
                0x0042bb00      0x378 src/main.o
 .rodata.calibri_36_0x6c
                0x0042be78       0x10 src/main.o
 .rodata.image_data_calibri_36_0x6d
                0x0042be88      0xc93 src/main.o
 *fill*         0x0042cb1b        0x1 
 .rodata.calibri_36_0x6d
                0x0042cb1c       0x10 src/main.o
 .rodata.image_data_calibri_36_0x6e
                0x0042cb2c      0x83d src/main.o
 *fill*         0x0042d369        0x3 
 .rodata.calibri_36_0x6e
                0x0042d36c       0x10 src/main.o
 .rodata.image_data_calibri_36_0x6f
                0x0042d37c      0x83d src/main.o
 *fill*         0x0042dbb9        0x3 
 .rodata.calibri_36_0x6f
                0x0042dbbc       0x10 src/main.o
 .rodata.image_data_calibri_36_0x70
                0x0042dbcc      0x83d src/main.o
 *fill*         0x0042e409        0x3 
 .rodata.calibri_36_0x70
                0x0042e40c       0x10 src/main.o
 .rodata.image_data_calibri_36_0x71
                0x0042e41c      0x83d src/main.o
 *fill*         0x0042ec59        0x3 
 .rodata.calibri_36_0x71
                0x0042ec5c       0x10 src/main.o
 .rodata.image_data_calibri_36_0x72
                0x0042ec6c      0x5a3 src/main.o
 *fill*         0x0042f20f        0x1 
 .rodata.calibri_36_0x72
                0x0042f210       0x10 src/main.o
 .rodata.image_data_calibri_36_0x73
                0x0042f220      0x612 src/main.o
 *fill*         0x0042f832        0x2 
 .rodata.calibri_36_0x73
                0x0042f834       0x10 src/main.o
 .rodata.image_data_calibri_36_0x74
                0x0042f844      0x534 src/main.o
 .rodata.calibri_36_0x74
                0x0042fd78       0x10 src/main.o
 .rodata.image_data_calibri_36_0x75
                0x0042fd88      0x83d src/main.o
 *fill*         0x004305c5        0x3 
 .rodata.calibri_36_0x75
                0x004305c8       0x10 src/main.o
 .rodata.image_data_calibri_36_0x76
                0x004305d8      0x6f0 src/main.o
 .rodata.calibri_36_0x76
                0x00430cc8       0x10 src/main.o
 .rodata.image_data_calibri_36_0x77
                0x00430cd8      0xb46 src/main.o
 *fill*         0x0043181e        0x2 
 .rodata.calibri_36_0x77
                0x00431820       0x10 src/main.o
 .rodata.image_data_calibri_36_0x78
                0x00431830      0x6f0 src/main.o
 .rodata.calibri_36_0x78
                0x00431f20       0x10 src/main.o
 .rodata.image_data_calibri_36_0x79
                0x00431f30      0x6f0 src/main.o
 .rodata.calibri_36_0x79
                0x00432620       0x10 src/main.o
 .rodata.image_data_calibri_36_0x7a
                0x00432630      0x612 src/main.o
 *fill*         0x00432c42        0x2 
 .rodata.calibri_36_0x7a
                0x00432c44       0x10 src/main.o
 .rodata.image_data_calibri_36_0x7b
                0x00432c54      0x4c5 src/main.o
 *fill*         0x00433119        0x3 
 .rodata.calibri_36_0x7b
                0x0043311c       0x10 src/main.o
 .rodata.image_data_calibri_36_0x7c
                0x0043312c      0x75f src/main.o
 *fill*         0x0043388b        0x1 
 .rodata.calibri_36_0x7c
                0x0043388c       0x10 src/main.o
 .rodata.image_data_calibri_36_0x7d
                0x0043389c      0x4c5 src/main.o
 *fill*         0x00433d61        0x3 
 .rodata.calibri_36_0x7d
                0x00433d64       0x10 src/main.o
 .rodata.image_data_calibri_36_0x7e
                0x00433d74      0x7ce src/main.o
 *fill*         0x00434542        0x2 
 .rodata.calibri_36_0x7e
                0x00434544       0x10 src/main.o
 .rodata.calibri_36_array
                0x00434554      0x2f8 src/main.o
 .rodata.calibri_36
                0x0043484c        0xc src/main.o
                0x0043484c                calibri_36
 .rodata        0x00434858       0x41 src/main.o
 *fill*         0x00434899        0x3 
 .rodata._global_impure_ptr
                0x0043489c        0x4 c:/program files (x86)/atmel/studio/7.0/toolchain/arm/arm-gnu-toolchain/bin/../lib/gcc/arm-none-eabi/6.3.1/../../../../arm-none-eabi/lib/thumb/v7e-m\libc.a(lib_a-impure.o)
                0x0043489c                _global_impure_ptr
 .rodata._svfprintf_r.str1.4
                0x004348a0       0x42 c:/program files (x86)/atmel/studio/7.0/toolchain/arm/arm-gnu-toolchain/bin/../lib/gcc/arm-none-eabi/6.3.1/../../../../arm-none-eabi/lib/thumb/v7e-m\libc.a(lib_a-svfprintf.o)
 *fill*         0x004348e2        0x2 
 .rodata.blanks.7223
                0x004348e4       0x10 c:/program files (x86)/atmel/studio/7.0/toolchain/arm/arm-gnu-toolchain/bin/../lib/gcc/arm-none-eabi/6.3.1/../../../../arm-none-eabi/lib/thumb/v7e-m\libc.a(lib_a-svfprintf.o)
 .rodata.zeroes.7224
                0x004348f4       0x10 c:/program files (x86)/atmel/studio/7.0/toolchain/arm/arm-gnu-toolchain/bin/../lib/gcc/arm-none-eabi/6.3.1/../../../../arm-none-eabi/lib/thumb/v7e-m\libc.a(lib_a-svfprintf.o)
 .rodata._dtoa_r.str1.4
                0x00434904       0x10 c:/program files (x86)/atmel/studio/7.0/toolchain/arm/arm-gnu-toolchain/bin/../lib/gcc/arm-none-eabi/6.3.1/../../../../arm-none-eabi/lib/thumb/v7e-m\libc.a(lib_a-dtoa.o)
                                 0x12 (size before relaxing)
 *fill*         0x00434914        0x4 
 .rodata.__mprec_bigtens
                0x00434918       0x28 c:/program files (x86)/atmel/studio/7.0/toolchain/arm/arm-gnu-toolchain/bin/../lib/gcc/arm-none-eabi/6.3.1/../../../../arm-none-eabi/lib/thumb/v7e-m\libc.a(lib_a-mprec.o)
                0x00434918                __mprec_bigtens
 .rodata.__mprec_tens
                0x00434940       0xc8 c:/program files (x86)/atmel/studio/7.0/toolchain/arm/arm-gnu-toolchain/bin/../lib/gcc/arm-none-eabi/6.3.1/../../../../arm-none-eabi/lib/thumb/v7e-m\libc.a(lib_a-mprec.o)
                0x00434940                __mprec_tens
 .rodata.p05.6055
                0x00434a08        0xc c:/program files (x86)/atmel/studio/7.0/toolchain/arm/arm-gnu-toolchain/bin/../lib/gcc/arm-none-eabi/6.3.1/../../../../arm-none-eabi/lib/thumb/v7e-m\libc.a(lib_a-mprec.o)
 .rodata._setlocale_r.str1.4
                0x00434a14        0xa c:/program files (x86)/atmel/studio/7.0/toolchain/arm/arm-gnu-toolchain/bin/../lib/gcc/arm-none-eabi/6.3.1/../../../../arm-none-eabi/lib/thumb/v7e-m\libc.a(lib_a-locale.o)
                                  0xd (size before relaxing)
 *fill*         0x00434a1e        0x2 
 .rodata.str1.4
                0x00434a20        0x4 c:/program files (x86)/atmel/studio/7.0/toolchain/arm/arm-gnu-toolchain/bin/../lib/gcc/arm-none-eabi/6.3.1/../../../../arm-none-eabi/lib/thumb/v7e-m\libc.a(lib_a-locale.o)
                                  0x2 (size before relaxing)
 .rodata._ctype_
                0x00434a24      0x101 c:/program files (x86)/atmel/studio/7.0/toolchain/arm/arm-gnu-toolchain/bin/../lib/gcc/arm-none-eabi/6.3.1/../../../../arm-none-eabi/lib/thumb/v7e-m\libc.a(lib_a-ctype_.o)
                0x00434a24                _ctype_
 *(.ARM.extab* .gnu.linkonce.armextab.*)
                0x00434b28                . = ALIGN (0x4)
 *fill*         0x00434b25        0x3 
 *(.init)
 .init          0x00434b28        0x4 c:/program files (x86)/atmel/studio/7.0/toolchain/arm/arm-gnu-toolchain/bin/../lib/gcc/arm-none-eabi/6.3.1/thumb/v7e-m/crti.o
                0x00434b28                _init
 .init          0x00434b2c        0x8 c:/program files (x86)/atmel/studio/7.0/toolchain/arm/arm-gnu-toolchain/bin/../lib/gcc/arm-none-eabi/6.3.1/thumb/v7e-m/crtn.o
                0x00434b34                . = ALIGN (0x4)
                0x00434b34                __preinit_array_start = .
 *(.preinit_array)
                0x00434b34                __preinit_array_end = .
                0x00434b34                . = ALIGN (0x4)
                0x00434b34                __init_array_start = .
 *(SORT(.init_array.*))
 .init_array.00000
                0x00434b34        0x4 c:/program files (x86)/atmel/studio/7.0/toolchain/arm/arm-gnu-toolchain/bin/../lib/gcc/arm-none-eabi/6.3.1/../../../../arm-none-eabi/lib/thumb/v7e-m\libc.a(lib_a-__call_atexit.o)
 *(.init_array)
 .init_array    0x00434b38        0x4 c:/program files (x86)/atmel/studio/7.0/toolchain/arm/arm-gnu-toolchain/bin/../lib/gcc/arm-none-eabi/6.3.1/thumb/v7e-m/crtbegin.o
                0x00434b3c                __init_array_end = .
                0x00434b3c                . = ALIGN (0x4)
 *crtbegin.o(.ctors)
 *(EXCLUDE_FILE(*crtend.o) .ctors)
 *(SORT(.ctors.*))
 *crtend.o(.ctors)
                0x00434b3c                . = ALIGN (0x4)
 *(.fini)
 .fini          0x00434b3c        0x4 c:/program files (x86)/atmel/studio/7.0/toolchain/arm/arm-gnu-toolchain/bin/../lib/gcc/arm-none-eabi/6.3.1/thumb/v7e-m/crti.o
                0x00434b3c                _fini
 .fini          0x00434b40        0x8 c:/program files (x86)/atmel/studio/7.0/toolchain/arm/arm-gnu-toolchain/bin/../lib/gcc/arm-none-eabi/6.3.1/thumb/v7e-m/crtn.o
                0x00434b48                . = ALIGN (0x4)
                0x00434b48                __fini_array_start = .
 *(.fini_array)
 .fini_array    0x00434b48        0x4 c:/program files (x86)/atmel/studio/7.0/toolchain/arm/arm-gnu-toolchain/bin/../lib/gcc/arm-none-eabi/6.3.1/thumb/v7e-m/crtbegin.o
 *(SORT(.fini_array.*))
                0x00434b4c                __fini_array_end = .
 *crtbegin.o(.dtors)
 *(EXCLUDE_FILE(*crtend.o) .dtors)
 *(SORT(.dtors.*))
 *crtend.o(.dtors)
                0x00434b4c                . = ALIGN (0x4)
                0x00434b4c                _efixed = .
                [!provide]                PROVIDE (__exidx_start, .)

.vfp11_veneer   0x00434b4c        0x0
 .vfp11_veneer  0x00434b4c        0x0 linker stubs

.v4_bx          0x00434b4c        0x0
 .v4_bx         0x00434b4c        0x0 linker stubs

.iplt           0x00434b4c        0x0
 .iplt          0x00434b4c        0x0 c:/program files (x86)/atmel/studio/7.0/toolchain/arm/arm-gnu-toolchain/bin/../lib/gcc/arm-none-eabi/6.3.1/thumb/v7e-m/crtbegin.o

.ARM.exidx      0x00434b4c        0x8
 *(.ARM.exidx* .gnu.linkonce.armexidx.*)
 .ARM.exidx     0x00434b4c        0x8 c:/program files (x86)/atmel/studio/7.0/toolchain/arm/arm-gnu-toolchain/bin/../lib/gcc/arm-none-eabi/6.3.1/thumb/v7e-m\libgcc.a(_udivmoddi4.o)
                [!provide]                PROVIDE (__exidx_end, .)

.eh_frame       0x00434b54        0x0
 .eh_frame      0x00434b54        0x0 c:/program files (x86)/atmel/studio/7.0/toolchain/arm/arm-gnu-toolchain/bin/../lib/gcc/arm-none-eabi/6.3.1/thumb/v7e-m/crtbegin.o

.rel.dyn        0x00434b54        0x0
 .rel.iplt      0x00434b54        0x0 c:/program files (x86)/atmel/studio/7.0/toolchain/arm/arm-gnu-toolchain/bin/../lib/gcc/arm-none-eabi/6.3.1/thumb/v7e-m/crtbegin.o

.jcr            0x00434b54        0x0
 .jcr           0x00434b54        0x0 c:/program files (x86)/atmel/studio/7.0/toolchain/arm/arm-gnu-toolchain/bin/../lib/gcc/arm-none-eabi/6.3.1/thumb/v7e-m/crtbegin.o

.igot.plt       0x00434b54        0x0
 .igot.plt      0x00434b54        0x0 c:/program files (x86)/atmel/studio/7.0/toolchain/arm/arm-gnu-toolchain/bin/../lib/gcc/arm-none-eabi/6.3.1/thumb/v7e-m/crtbegin.o
                0x00434b54                . = ALIGN (0x4)
                0x00434b54                _etext = .

.relocate       0x20400000      0x9b8 load address 0x00434b54
                0x20400000                . = ALIGN (0x4)
                0x20400000                _srelocate = .
 *(.ramfunc .ramfunc.*)
 *(.data .data.*)
 .data.g_interrupt_enabled
                0x20400000        0x1 src/ASF/common/utils/interrupt/interrupt_sam_nvic.o
                0x20400000                g_interrupt_enabled
 *fill*         0x20400001        0x3 
 .data.SystemCoreClock
                0x20400004        0x4 src/ASF/sam/utils/cmsis/same70/source/templates/system_same70.o
                0x20400004                SystemCoreClock
 .data._impure_ptr
                0x20400008        0x4 c:/program files (x86)/atmel/studio/7.0/toolchain/arm/arm-gnu-toolchain/bin/../lib/gcc/arm-none-eabi/6.3.1/../../../../arm-none-eabi/lib/thumb/v7e-m\libc.a(lib_a-impure.o)
                0x20400008                _impure_ptr
 *fill*         0x2040000c        0x4 
 .data.impure_data
                0x20400010      0x428 c:/program files (x86)/atmel/studio/7.0/toolchain/arm/arm-gnu-toolchain/bin/../lib/gcc/arm-none-eabi/6.3.1/../../../../arm-none-eabi/lib/thumb/v7e-m\libc.a(lib_a-impure.o)
 .data.__atexit_recursive_mutex
                0x20400438        0x4 c:/program files (x86)/atmel/studio/7.0/toolchain/arm/arm-gnu-toolchain/bin/../lib/gcc/arm-none-eabi/6.3.1/../../../../arm-none-eabi/lib/thumb/v7e-m\libc.a(lib_a-__call_atexit.o)
                0x20400438                __atexit_recursive_mutex
 .data.__malloc_av_
                0x2040043c      0x408 c:/program files (x86)/atmel/studio/7.0/toolchain/arm/arm-gnu-toolchain/bin/../lib/gcc/arm-none-eabi/6.3.1/../../../../arm-none-eabi/lib/thumb/v7e-m\libc.a(lib_a-mallocr.o)
                0x2040043c                __malloc_av_
 .data.__malloc_sbrk_base
                0x20400844        0x4 c:/program files (x86)/atmel/studio/7.0/toolchain/arm/arm-gnu-toolchain/bin/../lib/gcc/arm-none-eabi/6.3.1/../../../../arm-none-eabi/lib/thumb/v7e-m\libc.a(lib_a-mallocr.o)
                0x20400844                __malloc_sbrk_base
 .data.__malloc_trim_threshold
                0x20400848        0x4 c:/program files (x86)/atmel/studio/7.0/toolchain/arm/arm-gnu-toolchain/bin/../lib/gcc/arm-none-eabi/6.3.1/../../../../arm-none-eabi/lib/thumb/v7e-m\libc.a(lib_a-mallocr.o)
                0x20400848                __malloc_trim_threshold
 .data.__global_locale
                0x2040084c      0x16c c:/program files (x86)/atmel/studio/7.0/toolchain/arm/arm-gnu-toolchain/bin/../lib/gcc/arm-none-eabi/6.3.1/../../../../arm-none-eabi/lib/thumb/v7e-m\libc.a(lib_a-locale.o)
                0x2040084c                __global_locale
                0x204009b8                . = ALIGN (0x4)
                0x204009b8                _erelocate = .

.bss            0x204009b8      0x4d0 load address 0x0043550c
                0x204009b8                . = ALIGN (0x4)
                0x204009b8                _sbss = .
                0x204009b8                _szero = .
 *(.bss .bss.*)
 .bss           0x204009b8       0x1c c:/program files (x86)/atmel/studio/7.0/toolchain/arm/arm-gnu-toolchain/bin/../lib/gcc/arm-none-eabi/6.3.1/thumb/v7e-m/crtbegin.o
 .bss.g_wobits_in_rtt_mr
                0x204009d4        0x4 src/ASF/sam/drivers/rtt/rtt.o
 .bss.f_rtt_alarme
                0x204009d8        0x1 src/main.o
                0x204009d8                f_rtt_alarme
 .bss.tc_alarm  0x204009d9        0x1 src/main.o
                0x204009d9                tc_alarm
 *fill*         0x204009da        0x2 
 .bss.totalPulses
                0x204009dc        0x4 src/main.o
                0x204009dc                totalPulses
 .bss.totalDist
                0x204009e0        0x4 src/main.o
                0x204009e0                totalDist
 .bss.g_ul_pixel_cache
                0x204009e4      0x3c0 src/ASF/sam/components/display/ili9488/ili9488.o
 .bss.gs_interrupt_sources
                0x20400da4       0x70 src/ASF/sam/drivers/pio/pio_handler.o
 .bss.gs_ul_nb_sources
                0x20400e14        0x4 src/ASF/sam/drivers/pio/pio_handler.o
 .bss.heap.6420
                0x20400e18        0x4 src/ASF/sam/utils/syscalls/gcc/syscalls.o
 .bss.__malloc_current_mallinfo
                0x20400e1c       0x28 c:/program files (x86)/atmel/studio/7.0/toolchain/arm/arm-gnu-toolchain/bin/../lib/gcc/arm-none-eabi/6.3.1/../../../../arm-none-eabi/lib/thumb/v7e-m\libc.a(lib_a-mallocr.o)
                0x20400e1c                __malloc_current_mallinfo
 .bss.__malloc_max_sbrked_mem
                0x20400e44        0x4 c:/program files (x86)/atmel/studio/7.0/toolchain/arm/arm-gnu-toolchain/bin/../lib/gcc/arm-none-eabi/6.3.1/../../../../arm-none-eabi/lib/thumb/v7e-m\libc.a(lib_a-mallocr.o)
                0x20400e44                __malloc_max_sbrked_mem
 .bss.__malloc_max_total_mem
                0x20400e48        0x4 c:/program files (x86)/atmel/studio/7.0/toolchain/arm/arm-gnu-toolchain/bin/../lib/gcc/arm-none-eabi/6.3.1/../../../../arm-none-eabi/lib/thumb/v7e-m\libc.a(lib_a-mallocr.o)
                0x20400e48                __malloc_max_total_mem
 .bss.__malloc_top_pad
                0x20400e4c        0x4 c:/program files (x86)/atmel/studio/7.0/toolchain/arm/arm-gnu-toolchain/bin/../lib/gcc/arm-none-eabi/6.3.1/../../../../arm-none-eabi/lib/thumb/v7e-m\libc.a(lib_a-mallocr.o)
                0x20400e4c                __malloc_top_pad
 *(COMMON)
 COMMON         0x20400e50       0x10 src/main.o
                0x20400e50                g_ili9488_display_opt
 COMMON         0x20400e60       0x21 c:/program files (x86)/atmel/studio/7.0/toolchain/arm/arm-gnu-toolchain/bin/../lib/gcc/arm-none-eabi/6.3.1/../../../../arm-none-eabi/lib/thumb/v7e-m\libc.a(lib_a-lock.o)
                0x20400e60                __lock___atexit_recursive_mutex
                0x20400e64                __lock___arc4random_mutex
                0x20400e68                __lock___env_recursive_mutex
                0x20400e6c                __lock___sinit_recursive_mutex
                0x20400e70                __lock___malloc_recursive_mutex
                0x20400e74                __lock___at_quick_exit_mutex
                0x20400e78                __lock___dd_hash_mutex
                0x20400e7c                __lock___tz_mutex
                0x20400e80                __lock___sfp_recursive_mutex
 *fill*         0x20400e81        0x3 
 COMMON         0x20400e84        0x4 c:/program files (x86)/atmel/studio/7.0/toolchain/arm/arm-gnu-toolchain/bin/../lib/gcc/arm-none-eabi/6.3.1/../../../../arm-none-eabi/lib/thumb/v7e-m\libc.a(lib_a-reent.o)
                0x20400e84                errno
                0x20400e88                . = ALIGN (0x4)
                0x20400e88                _ebss = .
                0x20400e88                _ezero = .

.stack          0x20400e88     0x2000 load address 0x004359dc
                0x20400e88                . = ALIGN (0x8)
                0x20400e88                _sstack = .
                0x20402e88                . = (. + STACK_SIZE)
 *fill*         0x20400e88     0x2000 
                0x20402e88                . = ALIGN (0x8)
                0x20402e88                _estack = .

.heap           0x20402e88      0x200 load address 0x004379dc
                0x20402e88                . = ALIGN (0x8)
                0x20402e88                _sheap = .
                0x20403088                . = (. + HEAP_SIZE)
 *fill*         0x20402e88      0x200 
                0x20403088                . = ALIGN (0x8)
                0x20403088                _eheap = .
                0x20403088                . = ALIGN (0x4)
                0x20403088                _end = .
                0x2045ffff                _ram_end_ = ((ORIGIN (ram) + LENGTH (ram)) - 0x1)
OUTPUT(SAME70_FONTS.elf elf32-littlearm)

.ARM.attributes
                0x00000000       0x2e
 .ARM.attributes
                0x00000000       0x1e c:/program files (x86)/atmel/studio/7.0/toolchain/arm/arm-gnu-toolchain/bin/../lib/gcc/arm-none-eabi/6.3.1/thumb/v7e-m/crti.o
 .ARM.attributes
                0x0000001e       0x2e c:/program files (x86)/atmel/studio/7.0/toolchain/arm/arm-gnu-toolchain/bin/../lib/gcc/arm-none-eabi/6.3.1/thumb/v7e-m/crtbegin.o
 .ARM.attributes
                0x0000004c       0x37 src/ASF/sam/drivers/rtc/rtc.o
 .ARM.attributes
                0x00000083       0x37 src/ASF/sam/drivers/rtt/rtt.o
 .ARM.attributes
                0x000000ba       0x37 src/main.o
 .ARM.attributes
                0x000000f1       0x37 src/ASF/common/services/spi/sam_spi/spi_master.o
 .ARM.attributes
                0x00000128       0x37 src/ASF/sam/components/display/ili9488/ili9488.o
 .ARM.attributes
                0x0000015f       0x37 src/ASF/sam/drivers/spi/spi.o
 .ARM.attributes
                0x00000196       0x37 src/ASF/common/services/clock/same70/sysclk.o
 .ARM.attributes
                0x000001cd       0x37 src/ASF/common/utils/interrupt/interrupt_sam_nvic.o
 .ARM.attributes
                0x00000204       0x37 src/ASF/sam/boards/same70_xplained/init.o
 .ARM.attributes
                0x0000023b       0x37 src/ASF/sam/drivers/pio/pio.o
 .ARM.attributes
                0x00000272       0x37 src/ASF/sam/drivers/pio/pio_handler.o
 .ARM.attributes
                0x000002a9       0x37 src/ASF/sam/drivers/pmc/pmc.o
 .ARM.attributes
                0x000002e0       0x37 src/ASF/sam/utils/cmsis/same70/source/templates/gcc/startup_same70.o
 .ARM.attributes
                0x00000317       0x37 src/ASF/sam/utils/cmsis/same70/source/templates/system_same70.o
 .ARM.attributes
                0x0000034e       0x37 src/ASF/sam/utils/syscalls/gcc/syscalls.o
 .ARM.attributes
                0x00000385       0x1e c:/program files (x86)/atmel/studio/7.0/toolchain/arm/arm-gnu-toolchain/bin/../lib/gcc/arm-none-eabi/6.3.1/thumb/v7e-m\libgcc.a(_arm_addsubdf3.o)
 .ARM.attributes
                0x000003a3       0x1e c:/program files (x86)/atmel/studio/7.0/toolchain/arm/arm-gnu-toolchain/bin/../lib/gcc/arm-none-eabi/6.3.1/thumb/v7e-m\libgcc.a(_arm_muldivdf3.o)
 .ARM.attributes
                0x000003c1       0x1e c:/program files (x86)/atmel/studio/7.0/toolchain/arm/arm-gnu-toolchain/bin/../lib/gcc/arm-none-eabi/6.3.1/thumb/v7e-m\libgcc.a(_arm_truncdfsf2.o)
 .ARM.attributes
                0x000003df       0x2e c:/program files (x86)/atmel/studio/7.0/toolchain/arm/arm-gnu-toolchain/bin/../lib/gcc/arm-none-eabi/6.3.1/../../../../arm-none-eabi/lib/thumb/v7e-m\libc.a(lib_a-impure.o)
 .ARM.attributes
                0x0000040d       0x2e c:/program files (x86)/atmel/studio/7.0/toolchain/arm/arm-gnu-toolchain/bin/../lib/gcc/arm-none-eabi/6.3.1/../../../../arm-none-eabi/lib/thumb/v7e-m\libc.a(lib_a-init.o)
 .ARM.attributes
                0x0000043b       0x2e c:/program files (x86)/atmel/studio/7.0/toolchain/arm/arm-gnu-toolchain/bin/../lib/gcc/arm-none-eabi/6.3.1/../../../../arm-none-eabi/lib/thumb/v7e-m\libc.a(lib_a-memset.o)
 .ARM.attributes
                0x00000469       0x2e c:/program files (x86)/atmel/studio/7.0/toolchain/arm/arm-gnu-toolchain/bin/../lib/gcc/arm-none-eabi/6.3.1/../../../../arm-none-eabi/lib/thumb/v7e-m\libc.a(lib_a-sprintf.o)
 .ARM.attributes
                0x00000497       0x2e c:/program files (x86)/atmel/studio/7.0/toolchain/arm/arm-gnu-toolchain/bin/../lib/gcc/arm-none-eabi/6.3.1/../../../../arm-none-eabi/lib/thumb/v7e-m\libc.a(lib_a-svfprintf.o)
 .ARM.attributes
                0x000004c5       0x2e c:/program files (x86)/atmel/studio/7.0/toolchain/arm/arm-gnu-toolchain/bin/../lib/gcc/arm-none-eabi/6.3.1/../../../../arm-none-eabi/lib/thumb/v7e-m\libc.a(lib_a-__call_atexit.o)
 .ARM.attributes
                0x000004f3       0x2e c:/program files (x86)/atmel/studio/7.0/toolchain/arm/arm-gnu-toolchain/bin/../lib/gcc/arm-none-eabi/6.3.1/../../../../arm-none-eabi/lib/thumb/v7e-m\libc.a(lib_a-atexit.o)
 .ARM.attributes
                0x00000521       0x2e c:/program files (x86)/atmel/studio/7.0/toolchain/arm/arm-gnu-toolchain/bin/../lib/gcc/arm-none-eabi/6.3.1/../../../../arm-none-eabi/lib/thumb/v7e-m\libc.a(lib_a-dtoa.o)
 .ARM.attributes
                0x0000054f       0x2e c:/program files (x86)/atmel/studio/7.0/toolchain/arm/arm-gnu-toolchain/bin/../lib/gcc/arm-none-eabi/6.3.1/../../../../arm-none-eabi/lib/thumb/v7e-m\libc.a(lib_a-fini.o)
 .ARM.attributes
                0x0000057d       0x2e c:/program files (x86)/atmel/studio/7.0/toolchain/arm/arm-gnu-toolchain/bin/../lib/gcc/arm-none-eabi/6.3.1/../../../../arm-none-eabi/lib/thumb/v7e-m\libc.a(lib_a-localeconv.o)
 .ARM.attributes
                0x000005ab       0x2e c:/program files (x86)/atmel/studio/7.0/toolchain/arm/arm-gnu-toolchain/bin/../lib/gcc/arm-none-eabi/6.3.1/../../../../arm-none-eabi/lib/thumb/v7e-m\libc.a(lib_a-lock.o)
 .ARM.attributes
                0x000005d9       0x2e c:/program files (x86)/atmel/studio/7.0/toolchain/arm/arm-gnu-toolchain/bin/../lib/gcc/arm-none-eabi/6.3.1/../../../../arm-none-eabi/lib/thumb/v7e-m\libc.a(lib_a-mallocr.o)
 .ARM.attributes
                0x00000607       0x1c c:/program files (x86)/atmel/studio/7.0/toolchain/arm/arm-gnu-toolchain/bin/../lib/gcc/arm-none-eabi/6.3.1/../../../../arm-none-eabi/lib/thumb/v7e-m\libc.a(lib_a-memchr.o)
 .ARM.attributes
                0x00000623       0x1c c:/program files (x86)/atmel/studio/7.0/toolchain/arm/arm-gnu-toolchain/bin/../lib/gcc/arm-none-eabi/6.3.1/../../../../arm-none-eabi/lib/thumb/v7e-m\libc.a(lib_a-memcpy.o)
 .ARM.attributes
                0x0000063f       0x2e c:/program files (x86)/atmel/studio/7.0/toolchain/arm/arm-gnu-toolchain/bin/../lib/gcc/arm-none-eabi/6.3.1/../../../../arm-none-eabi/lib/thumb/v7e-m\libc.a(lib_a-mlock.o)
 .ARM.attributes
                0x0000066d       0x2e c:/program files (x86)/atmel/studio/7.0/toolchain/arm/arm-gnu-toolchain/bin/../lib/gcc/arm-none-eabi/6.3.1/../../../../arm-none-eabi/lib/thumb/v7e-m\libc.a(lib_a-mprec.o)
 .ARM.attributes
                0x0000069b       0x2e c:/program files (x86)/atmel/studio/7.0/toolchain/arm/arm-gnu-toolchain/bin/../lib/gcc/arm-none-eabi/6.3.1/../../../../arm-none-eabi/lib/thumb/v7e-m\libc.a(lib_a-sbrkr.o)
 .ARM.attributes
                0x000006c9       0x1c c:/program files (x86)/atmel/studio/7.0/toolchain/arm/arm-gnu-toolchain/bin/../lib/gcc/arm-none-eabi/6.3.1/../../../../arm-none-eabi/lib/thumb/v7e-m\libc.a(lib_a-strlen.o)
 .ARM.attributes
                0x000006e5       0x2e c:/program files (x86)/atmel/studio/7.0/toolchain/arm/arm-gnu-toolchain/bin/../lib/gcc/arm-none-eabi/6.3.1/../../../../arm-none-eabi/lib/thumb/v7e-m\libc.a(lib_a-svfiprintf.o)
 .ARM.attributes
                0x00000713       0x2e c:/program files (x86)/atmel/studio/7.0/toolchain/arm/arm-gnu-toolchain/bin/../lib/gcc/arm-none-eabi/6.3.1/../../../../arm-none-eabi/lib/thumb/v7e-m\libc.a(lib_a-__atexit.o)
 .ARM.attributes
                0x00000741       0x2e c:/program files (x86)/atmel/studio/7.0/toolchain/arm/arm-gnu-toolchain/bin/../lib/gcc/arm-none-eabi/6.3.1/../../../../arm-none-eabi/lib/thumb/v7e-m\libc.a(lib_a-callocr.o)
 .ARM.attributes
                0x0000076f       0x2e c:/program files (x86)/atmel/studio/7.0/toolchain/arm/arm-gnu-toolchain/bin/../lib/gcc/arm-none-eabi/6.3.1/../../../../arm-none-eabi/lib/thumb/v7e-m\libc.a(lib_a-freer.o)
 .ARM.attributes
                0x0000079d       0x2e c:/program files (x86)/atmel/studio/7.0/toolchain/arm/arm-gnu-toolchain/bin/../lib/gcc/arm-none-eabi/6.3.1/../../../../arm-none-eabi/lib/thumb/v7e-m\libc.a(lib_a-locale.o)
 .ARM.attributes
                0x000007cb       0x2e c:/program files (x86)/atmel/studio/7.0/toolchain/arm/arm-gnu-toolchain/bin/../lib/gcc/arm-none-eabi/6.3.1/../../../../arm-none-eabi/lib/thumb/v7e-m\libc.a(lib_a-mbtowc_r.o)
 .ARM.attributes
                0x000007f9       0x2e c:/program files (x86)/atmel/studio/7.0/toolchain/arm/arm-gnu-toolchain/bin/../lib/gcc/arm-none-eabi/6.3.1/../../../../arm-none-eabi/lib/thumb/v7e-m\libc.a(lib_a-memmove.o)
 .ARM.attributes
                0x00000827       0x2e c:/program files (x86)/atmel/studio/7.0/toolchain/arm/arm-gnu-toolchain/bin/../lib/gcc/arm-none-eabi/6.3.1/../../../../arm-none-eabi/lib/thumb/v7e-m\libc.a(lib_a-reallocr.o)
 .ARM.attributes
                0x00000855       0x2e c:/program files (x86)/atmel/studio/7.0/toolchain/arm/arm-gnu-toolchain/bin/../lib/gcc/arm-none-eabi/6.3.1/../../../../arm-none-eabi/lib/thumb/v7e-m\libc.a(lib_a-reent.o)
 .ARM.attributes
                0x00000883       0x2e c:/program files (x86)/atmel/studio/7.0/toolchain/arm/arm-gnu-toolchain/bin/../lib/gcc/arm-none-eabi/6.3.1/../../../../arm-none-eabi/lib/thumb/v7e-m\libc.a(lib_a-wctomb_r.o)
 .ARM.attributes
                0x000008b1       0x2e c:/program files (x86)/atmel/studio/7.0/toolchain/arm/arm-gnu-toolchain/bin/../lib/gcc/arm-none-eabi/6.3.1/../../../../arm-none-eabi/lib/thumb/v7e-m\libc.a(lib_a-ctype_.o)
 .ARM.attributes
                0x000008df       0x1e c:/program files (x86)/atmel/studio/7.0/toolchain/arm/arm-gnu-toolchain/bin/../lib/gcc/arm-none-eabi/6.3.1/thumb/v7e-m\libgcc.a(_arm_cmpdf2.o)
 .ARM.attributes
                0x000008fd       0x1e c:/program files (x86)/atmel/studio/7.0/toolchain/arm/arm-gnu-toolchain/bin/../lib/gcc/arm-none-eabi/6.3.1/thumb/v7e-m\libgcc.a(_arm_unorddf2.o)
 .ARM.attributes
                0x0000091b       0x1e c:/program files (x86)/atmel/studio/7.0/toolchain/arm/arm-gnu-toolchain/bin/../lib/gcc/arm-none-eabi/6.3.1/thumb/v7e-m\libgcc.a(_arm_fixdfsi.o)
 .ARM.attributes
                0x00000939       0x1e c:/program files (x86)/atmel/studio/7.0/toolchain/arm/arm-gnu-toolchain/bin/../lib/gcc/arm-none-eabi/6.3.1/thumb/v7e-m\libgcc.a(_aeabi_uldivmod.o)
 .ARM.attributes
                0x00000957       0x2e c:/program files (x86)/atmel/studio/7.0/toolchain/arm/arm-gnu-toolchain/bin/../lib/gcc/arm-none-eabi/6.3.1/thumb/v7e-m\libgcc.a(_udivmoddi4.o)
 .ARM.attributes
                0x00000985       0x1e c:/program files (x86)/atmel/studio/7.0/toolchain/arm/arm-gnu-toolchain/bin/../lib/gcc/arm-none-eabi/6.3.1/thumb/v7e-m\libgcc.a(_dvmd_tls.o)
 .ARM.attributes
                0x000009a3       0x1e c:/program files (x86)/atmel/studio/7.0/toolchain/arm/arm-gnu-toolchain/bin/../lib/gcc/arm-none-eabi/6.3.1/thumb/v7e-m/crtn.o

.comment        0x00000000       0x59
 .comment       0x00000000       0x59 src/ASF/sam/drivers/rtc/rtc.o
                                 0x5a (size before relaxing)
 .comment       0x00000059       0x5a src/ASF/sam/drivers/rtt/rtt.o
 .comment       0x00000059       0x5a src/main.o
 .comment       0x00000059       0x5a src/ASF/common/services/spi/sam_spi/spi_master.o
 .comment       0x00000059       0x5a src/ASF/sam/components/display/ili9488/ili9488.o
 .comment       0x00000059       0x5a src/ASF/sam/drivers/spi/spi.o
 .comment       0x00000059       0x5a src/ASF/common/services/clock/same70/sysclk.o
 .comment       0x00000059       0x5a src/ASF/common/utils/interrupt/interrupt_sam_nvic.o
 .comment       0x00000059       0x5a src/ASF/sam/boards/same70_xplained/init.o
 .comment       0x00000059       0x5a src/ASF/sam/drivers/pio/pio.o
 .comment       0x00000059       0x5a src/ASF/sam/drivers/pio/pio_handler.o
 .comment       0x00000059       0x5a src/ASF/sam/drivers/pmc/pmc.o
 .comment       0x00000059       0x5a src/ASF/sam/utils/cmsis/same70/source/templates/gcc/startup_same70.o
 .comment       0x00000059       0x5a src/ASF/sam/utils/cmsis/same70/source/templates/system_same70.o
 .comment       0x00000059       0x5a src/ASF/sam/utils/syscalls/gcc/syscalls.o

.debug_info     0x00000000    0x15523
 .debug_info    0x00000000     0x1158 src/ASF/sam/drivers/rtc/rtc.o
 .debug_info    0x00001158      0xcaf src/ASF/sam/drivers/rtt/rtt.o
 .debug_info    0x00001e07     0x3585 src/main.o
 .debug_info    0x0000538c     0x143e src/ASF/common/services/spi/sam_spi/spi_master.o
 .debug_info    0x000067ca     0x208c src/ASF/sam/components/display/ili9488/ili9488.o
 .debug_info    0x00008856     0x1123 src/ASF/sam/drivers/spi/spi.o
 .debug_info    0x00009979     0x1311 src/ASF/common/services/clock/same70/sysclk.o
 .debug_info    0x0000ac8a      0xb06 src/ASF/common/utils/interrupt/interrupt_sam_nvic.o
 .debug_info    0x0000b790     0x1dad src/ASF/sam/boards/same70_xplained/init.o
 .debug_info    0x0000d53d     0x1ce3 src/ASF/sam/drivers/pio/pio.o
 .debug_info    0x0000f220     0x1a74 src/ASF/sam/drivers/pio/pio_handler.o
 .debug_info    0x00010c94     0x1eed src/ASF/sam/drivers/pmc/pmc.o
 .debug_info    0x00012b81     0x1612 src/ASF/sam/utils/cmsis/same70/source/templates/gcc/startup_same70.o
 .debug_info    0x00014193      0x5d4 src/ASF/sam/utils/cmsis/same70/source/templates/system_same70.o
 .debug_info    0x00014767      0xdbc src/ASF/sam/utils/syscalls/gcc/syscalls.o

.debug_abbrev   0x00000000     0x274a
 .debug_abbrev  0x00000000      0x257 src/ASF/sam/drivers/rtc/rtc.o
 .debug_abbrev  0x00000257      0x203 src/ASF/sam/drivers/rtt/rtt.o
 .debug_abbrev  0x0000045a      0x349 src/main.o
 .debug_abbrev  0x000007a3      0x305 src/ASF/common/services/spi/sam_spi/spi_master.o
 .debug_abbrev  0x00000aa8      0x2f4 src/ASF/sam/components/display/ili9488/ili9488.o
 .debug_abbrev  0x00000d9c      0x2cf src/ASF/sam/drivers/spi/spi.o
 .debug_abbrev  0x0000106b      0x296 src/ASF/common/services/clock/same70/sysclk.o
 .debug_abbrev  0x00001301      0x214 src/ASF/common/utils/interrupt/interrupt_sam_nvic.o
 .debug_abbrev  0x00001515      0x3f4 src/ASF/sam/boards/same70_xplained/init.o
 .debug_abbrev  0x00001909      0x296 src/ASF/sam/drivers/pio/pio.o
 .debug_abbrev  0x00001b9f      0x2c9 src/ASF/sam/drivers/pio/pio_handler.o
 .debug_abbrev  0x00001e68      0x2ce src/ASF/sam/drivers/pmc/pmc.o
 .debug_abbrev  0x00002136      0x2e8 src/ASF/sam/utils/cmsis/same70/source/templates/gcc/startup_same70.o
 .debug_abbrev  0x0000241e      0x102 src/ASF/sam/utils/cmsis/same70/source/templates/system_same70.o
 .debug_abbrev  0x00002520      0x22a src/ASF/sam/utils/syscalls/gcc/syscalls.o

.debug_loc      0x00000000     0x64b1
 .debug_loc     0x00000000      0x730 src/ASF/sam/drivers/rtc/rtc.o
 .debug_loc     0x00000730      0x330 src/ASF/sam/drivers/rtt/rtt.o
 .debug_loc     0x00000a60      0x501 src/main.o
 .debug_loc     0x00000f61      0x830 src/ASF/common/services/spi/sam_spi/spi_master.o
 .debug_loc     0x00001791      0xd20 src/ASF/sam/components/display/ili9488/ili9488.o
 .debug_loc     0x000024b1      0x630 src/ASF/sam/drivers/spi/spi.o
 .debug_loc     0x00002ae1      0x4a0 src/ASF/common/services/clock/same70/sysclk.o
 .debug_loc     0x00002f81       0xa0 src/ASF/common/utils/interrupt/interrupt_sam_nvic.o
 .debug_loc     0x00003021      0x2fc src/ASF/sam/boards/same70_xplained/init.o
 .debug_loc     0x0000331d     0x1174 src/ASF/sam/drivers/pio/pio.o
 .debug_loc     0x00004491      0x38c src/ASF/sam/drivers/pio/pio_handler.o
 .debug_loc     0x0000481d     0x1744 src/ASF/sam/drivers/pmc/pmc.o
 .debug_loc     0x00005f61      0x16c src/ASF/sam/utils/cmsis/same70/source/templates/gcc/startup_same70.o
 .debug_loc     0x000060cd       0xe4 src/ASF/sam/utils/cmsis/same70/source/templates/system_same70.o
 .debug_loc     0x000061b1      0x300 src/ASF/sam/utils/syscalls/gcc/syscalls.o

.debug_aranges  0x00000000      0xb10
 .debug_aranges
                0x00000000       0xb8 src/ASF/sam/drivers/rtc/rtc.o
 .debug_aranges
                0x000000b8       0x60 src/ASF/sam/drivers/rtt/rtt.o
 .debug_aranges
                0x00000118       0x98 src/main.o
 .debug_aranges
                0x000001b0       0xe0 src/ASF/common/services/spi/sam_spi/spi_master.o
 .debug_aranges
                0x00000290      0x168 src/ASF/sam/components/display/ili9488/ili9488.o
 .debug_aranges
                0x000003f8       0xa8 src/ASF/sam/drivers/spi/spi.o
 .debug_aranges
                0x000004a0       0x98 src/ASF/common/services/clock/same70/sysclk.o
 .debug_aranges
                0x00000538       0x28 src/ASF/common/utils/interrupt/interrupt_sam_nvic.o
 .debug_aranges
                0x00000560       0x68 src/ASF/sam/boards/same70_xplained/init.o
 .debug_aranges
                0x000005c8      0x1a8 src/ASF/sam/drivers/pio/pio.o
 .debug_aranges
                0x00000770       0x80 src/ASF/sam/drivers/pio/pio_handler.o
 .debug_aranges
                0x000007f0      0x250 src/ASF/sam/drivers/pmc/pmc.o
 .debug_aranges
                0x00000a40       0x40 src/ASF/sam/utils/cmsis/same70/source/templates/gcc/startup_same70.o
 .debug_aranges
                0x00000a80       0x30 src/ASF/sam/utils/cmsis/same70/source/templates/system_same70.o
 .debug_aranges
                0x00000ab0       0x60 src/ASF/sam/utils/syscalls/gcc/syscalls.o

.debug_ranges   0x00000000      0xa98
 .debug_ranges  0x00000000       0xa8 src/ASF/sam/drivers/rtc/rtc.o
 .debug_ranges  0x000000a8       0x50 src/ASF/sam/drivers/rtt/rtt.o
 .debug_ranges  0x000000f8       0x88 src/main.o
 .debug_ranges  0x00000180       0xd0 src/ASF/common/services/spi/sam_spi/spi_master.o
 .debug_ranges  0x00000250      0x158 src/ASF/sam/components/display/ili9488/ili9488.o
 .debug_ranges  0x000003a8       0x98 src/ASF/sam/drivers/spi/spi.o